<html>
<body>
<pre>
<h1>µVision Build Log</h1>
<h2>Tool Versions:</h2>
IDE-Version: ¦ÌVision V5.39.0.0
Copyright (C) 2023 ARM Ltd and ARM Germany GmbH. All rights reserved.
License Information: 1 11, 1, LIC=HN0AE-5LIS3-DY6V3-ARFGA-C2LWH-W9L8E
 
Tool Versions:
Toolchain:       MDK-ARM Plus  Version: 5.39.0.0
Toolchain Path:  D:\keil5\ARM\ARMCLANG\Bin
C Compiler:      ArmClang.exe V6.21
Assembler:       Armasm.exe V6.21
Linker/Locator:  ArmLink.exe V6.21
Library Manager: ArmAr.exe V6.21
Hex Converter:   FromElf.exe V6.21
CPU DLL:         SARMCM3.DLL V5.39.0.0
Dialog DLL:      DCM.DLL V1.17.5.0
Target DLL:      UL2CM3.DLL V1.164.9.0
Dialog DLL:      TCM.DLL V1.56.4.0
 
<h2>Project:</h2>
D:\arm\project-modbusrtu\pcs.uvprojx
Project File Date:  03/25/2026

<h2>Output:</h2>
*** Using Compiler 'V6.21', folder: 'D:\keil5\ARM\ARMCLANG\Bin'
Rebuild target 'PCS'
compiling dsp_mirror.c...
assembling startup_gd32f30x_hd.s...
compiling bsp_init.c...
compiling main.c...
compiling gd32f30x_bkp.c...
compiling MB_SlaveTask.c...
compiling bsp_uart.c...
compiling system_gd32f30x.c...
compiling modbus_rtu.c...
compiling DSP_MasterTask.c...
compiling gd32f30x_adc.c...
compiling gd32f30x_crc.c...
compiling gd32f30x_ctc.c...
compiling gd32f30x_dbg.c...
compiling gd32f30x_dac.c...
compiling gd32f30x_enet.c...
compiling gd32f30x_exti.c...
compiling gd32f30x_dma.c...
compiling gd32f30x_fwdgt.c...
compiling gd32f30x_gpio.c...
compiling gd32f30x_exmc.c...
compiling gd32f30x_i2c.c...
compiling gd32f30x_misc.c...
compiling gd32f30x_pmu.c...
compiling gd32f30x_rtc.c...
compiling gd32f30x_fmc.c...
compiling gd32f30x_wwdgt.c...
compiling gd32f30x_sdio.c...
compiling gd32f30x_spi.c...
compiling gd32f30x_usart.c...
compiling croutine.c...
compiling gd32f30x_rcu.c...
compiling list.c...
compiling gd32f30x_timer.c...
compiling event_groups.c...
compiling port.c...
compiling heap_4.c...
compiling timers.c...
compiling stream_buffer.c...
compiling queue.c...
compiling tasks.c...
linking...
Program Size: Code=15878 RO-data=614 RW-data=100 ZI-data=23076  
".\Objects\pcs.axf" - 0 Error(s), 0 Warning(s).

<h2>Software Packages used:</h2>

Package Vendor: GigaDevice
                https://gd32mcu.com/data/documents/pack/GigaDevice.GD32F30x_DFP.2.2.1.pack
                GigaDevice::GD32F30x_DFP@2.2.1
                GigaDevice GD32F30x Series Device Support and Examples

<h2>Collection of Component include folders:</h2>
  D:/keil5/Packs/GigaDevice/GD32F30x_DFP/2.2.1/Device/Include

<h2>Collection of Component Files used:</h2>
Build Time Elapsed:  00:00:02
</pre>
</body>
</html>
