Component: Arm Compiler for Embedded 6.21 Tool: armlink [5ec1fa00]

==============================================================================

Section Cross References

    main.o(.text.main) refers to bsp_init.o(.text.bsp_init) for bsp_init
    main.o(.text.main) refers to dsp_mirror.o(.bss.g_dsp_mirror_reg) for g_dsp_mirror_reg
    main.o(.text.main) refers to rt_memclr.o(.text) for __aeabi_memclr
    main.o(.text.main) refers to main.o(.bss.s_rs485_1_sem_buf) for s_rs485_1_sem_buf
    main.o(.text.main) refers to queue.o(.text.xQueueGenericCreateStatic) for xQueueGenericCreateStatic
    main.o(.text.main) refers to main.o(.bss.g_rs485_1_sem) for g_rs485_1_sem
    main.o(.text.main) refers to main.o(.bss.s_rs485_2_sem_buf) for s_rs485_2_sem_buf
    main.o(.text.main) refers to main.o(.bss.g_rs485_2_sem) for g_rs485_2_sem
    main.o(.text.main) refers to main.o(.bss.s_uart2_mutex_buf) for s_uart2_mutex_buf
    main.o(.text.main) refers to queue.o(.text.xQueueCreateMutexStatic) for xQueueCreateMutexStatic
    main.o(.text.main) refers to main.o(.bss.g_uart2_mutex) for g_uart2_mutex
    main.o(.text.main) refers to main.o(.bss.s_reg_mutex_buf) for s_reg_mutex_buf
    main.o(.text.main) refers to main.o(.bss.g_reg_mutex) for g_reg_mutex
    main.o(.text.main) refers to main.o(.bss.s_mb_slave_task_stack) for s_mb_slave_task_stack
    main.o(.text.main) refers to main.o(.bss.s_mb_slave_task_tcb) for s_mb_slave_task_tcb
    main.o(.text.main) refers to mb_slavetask.o(.text.MB_SlaveTask) for MB_SlaveTask
    main.o(.text.main) refers to tasks.o(.text.xTaskCreateStatic) for xTaskCreateStatic
    main.o(.text.main) refers to main.o(.bss.s_dsp_task_stack) for s_dsp_task_stack
    main.o(.text.main) refers to main.o(.bss.s_dsp_task_tcb) for s_dsp_task_tcb
    main.o(.text.main) refers to dsp_mastertask.o(.text.DSP_MasterTask) for DSP_MasterTask
    main.o(.text.main) refers to tasks.o(.text.vTaskStartScheduler) for vTaskStartScheduler
    main.o(.ARM.exidx.text.main) refers to main.o(.text.main) for [Anonymous Symbol]
    dsp_mastertask.o(.text.DSP_MasterTask) refers to dsp_mastertask.o(.bss.s_tx_buf) for s_tx_buf
    dsp_mastertask.o(.text.DSP_MasterTask) refers to main.o(.bss.g_rs485_2_sem) for g_rs485_2_sem
    dsp_mastertask.o(.text.DSP_MasterTask) refers to tasks.o(.text.vTaskDelay) for vTaskDelay
    dsp_mastertask.o(.text.DSP_MasterTask) refers to dsp_mastertask.o(.rodata.s_poll) for s_poll
    dsp_mastertask.o(.text.DSP_MasterTask) refers to modbus_rtu.o(.text.mb_build_req_read) for mb_build_req_read
    dsp_mastertask.o(.text.DSP_MasterTask) refers to main.o(.bss.g_uart2_mutex) for g_uart2_mutex
    dsp_mastertask.o(.text.DSP_MasterTask) refers to queue.o(.text.xQueueSemaphoreTake) for xQueueSemaphoreTake
    dsp_mastertask.o(.text.DSP_MasterTask) refers to bsp_uart.o(.data.uart2_dev) for uart2_dev
    dsp_mastertask.o(.text.DSP_MasterTask) refers to gd32f30x_dma.o(.text.dma_channel_disable) for dma_channel_disable
    dsp_mastertask.o(.text.DSP_MasterTask) refers to gd32f30x_dma.o(.text.dma_memory_address_config) for dma_memory_address_config
    dsp_mastertask.o(.text.DSP_MasterTask) refers to gd32f30x_dma.o(.text.dma_transfer_number_config) for dma_transfer_number_config
    dsp_mastertask.o(.text.DSP_MasterTask) refers to gd32f30x_dma.o(.text.dma_channel_enable) for dma_channel_enable
    dsp_mastertask.o(.text.DSP_MasterTask) refers to bsp_uart.o(.text.bsp_uart_send) for bsp_uart_send
    dsp_mastertask.o(.text.DSP_MasterTask) refers to dsp_mastertask.o(.bss.s_rx_buf) for s_rx_buf
    dsp_mastertask.o(.text.DSP_MasterTask) refers to rt_memcpy_v6.o(.text) for __aeabi_memcpy
    dsp_mastertask.o(.text.DSP_MasterTask) refers to modbus_rtu.o(.text.mb_check_crc) for mb_check_crc
    dsp_mastertask.o(.text.DSP_MasterTask) refers to queue.o(.text.xQueueGenericSend) for xQueueGenericSend
    dsp_mastertask.o(.text.DSP_MasterTask) refers to modbus_rtu.o(.text.mb_parse_rsp_read) for mb_parse_rsp_read
    dsp_mastertask.o(.text.DSP_MasterTask) refers to dsp_mirror.o(.text.dsp_mirror_write_reg) for dsp_mirror_write_reg
    dsp_mastertask.o(.ARM.exidx.text.DSP_MasterTask) refers to dsp_mastertask.o(.text.DSP_MasterTask) for [Anonymous Symbol]
    mb_slavetask.o(.text.MB_SlaveTask_on_dsp_reply) refers to mb_slavetask.o(.bss.s_dsp_reply_sem) for s_dsp_reply_sem
    mb_slavetask.o(.text.MB_SlaveTask_on_dsp_reply) refers to mb_slavetask.o(.bss.s_dsp_reply_data.0) for s_dsp_reply_data.0
    mb_slavetask.o(.text.MB_SlaveTask_on_dsp_reply) refers to queue.o(.text.xQueueGenericSend) for xQueueGenericSend
    mb_slavetask.o(.ARM.exidx.text.MB_SlaveTask_on_dsp_reply) refers to mb_slavetask.o(.text.MB_SlaveTask_on_dsp_reply) for [Anonymous Symbol]
    mb_slavetask.o(.text.MB_SlaveTask) refers to mb_slavetask.o(.bss.s_dsp_reply_sem_buf) for s_dsp_reply_sem_buf
    mb_slavetask.o(.text.MB_SlaveTask) refers to queue.o(.text.xQueueGenericCreateStatic) for xQueueGenericCreateStatic
[...]
    [Anonymous Symbol]                       0x08001034   Section        0  bsp_uart.o(.text.bsp_uart2_init)
    [Anonymous Symbol]                       0x080011dc   Section        0  bsp_uart.o(.text.bsp_uart_send)
    [Anonymous Symbol]                       0x08001240   Section        0  gd32f30x_dma.o(.text.dma_channel_disable)
    [Anonymous Symbol]                       0x08001264   Section        0  gd32f30x_dma.o(.text.dma_channel_enable)
    [Anonymous Symbol]                       0x08001288   Section        0  gd32f30x_dma.o(.text.dma_circulation_enable)
    [Anonymous Symbol]                       0x080012ac   Section        0  gd32f30x_dma.o(.text.dma_deinit)
    [Anonymous Symbol]                       0x080012e8   Section        0  gd32f30x_dma.o(.text.dma_flag_clear)
    [Anonymous Symbol]                       0x080012f8   Section        0  gd32f30x_dma.o(.text.dma_init)
    [Anonymous Symbol]                       0x0800136c   Section        0  gd32f30x_dma.o(.text.dma_interrupt_enable)
    [Anonymous Symbol]                       0x08001390   Section        0  gd32f30x_dma.o(.text.dma_interrupt_flag_clear)
    [Anonymous Symbol]                       0x080013a0   Section        0  gd32f30x_dma.o(.text.dma_interrupt_flag_get)
    [Anonymous Symbol]                       0x080013dc   Section        0  gd32f30x_dma.o(.text.dma_memory_address_config)
    [Anonymous Symbol]                       0x080013fc   Section        0  gd32f30x_dma.o(.text.dma_struct_para_init)
    [Anonymous Symbol]                       0x08001418   Section        0  gd32f30x_dma.o(.text.dma_transfer_number_config)
    [Anonymous Symbol]                       0x08001438   Section        0  gd32f30x_dma.o(.text.dma_transfer_number_get)
    [Anonymous Symbol]                       0x08001458   Section        0  dsp_mirror.o(.text.dsp_mirror_read_reg)
    [Anonymous Symbol]                       0x0800149c   Section        0  dsp_mirror.o(.text.dsp_mirror_write_reg)
    [Anonymous Symbol]                       0x080014d8   Section        0  gd32f30x_gpio.o(.text.gpio_bit_reset)
    [Anonymous Symbol]                       0x080014dc   Section        0  gd32f30x_gpio.o(.text.gpio_bit_set)
    [Anonymous Symbol]                       0x080014e0   Section        0  gd32f30x_gpio.o(.text.gpio_init)
    [Anonymous Symbol]                       0x08001598   Section        0  main.o(.text.main)
    [Anonymous Symbol]                       0x080016a8   Section        0  modbus_rtu.o(.text.mb_build_req_read)
    [Anonymous Symbol]                       0x08001708   Section        0  modbus_rtu.o(.text.mb_build_req_write_multi)
    [Anonymous Symbol]                       0x080017a8   Section        0  modbus_rtu.o(.text.mb_build_req_write_single)
    [Anonymous Symbol]                       0x08001808   Section        0  modbus_rtu.o(.text.mb_build_rsp_exc)
    [Anonymous Symbol]                       0x08001860   Section        0  modbus_rtu.o(.text.mb_build_rsp_read)
    [Anonymous Symbol]                       0x080018f0   Section        0  modbus_rtu.o(.text.mb_build_rsp_write_multi)
    [Anonymous Symbol]                       0x08001950   Section        0  modbus_rtu.o(.text.mb_build_rsp_write_single)
    [Anonymous Symbol]                       0x080019b0   Section        0  modbus_rtu.o(.text.mb_check_crc)
    [Anonymous Symbol]                       0x08001a0c   Section        0  modbus_rtu.o(.text.mb_parse_rsp_read)
    [Anonymous Symbol]                       0x08001aac   Section        0  modbus_rtu.o(.text.mb_parse_rsp_write_multi)
    [Anonymous Symbol]                       0x08001b20   Section        0  modbus_rtu.o(.text.mb_parse_rsp_write_single)
    [Anonymous Symbol]                       0x08001b94   Section        0  gd32f30x_misc.o(.text.nvic_irq_enable)
    prvAddCurrentTaskToDelayedList           0x08001c1d   Thumb Code   206  tasks.o(.text.prvAddCurrentTaskToDelayedList)
    [Anonymous Symbol]                       0x08001c1c   Section        0  tasks.o(.text.prvAddCurrentTaskToDelayedList)
    prvAddNewTaskToReadyList                 0x08001ced   Thumb Code   304  tasks.o(.text.prvAddNewTaskToReadyList)
    [Anonymous Symbol]                       0x08001cec   Section        0  tasks.o(.text.prvAddNewTaskToReadyList)
    prvCheckTasksWaitingTermination          0x08001e1d   Thumb Code   122  tasks.o(.text.prvCheckTasksWaitingTermination)
    [Anonymous Symbol]                       0x08001e1c   Section        0  tasks.o(.text.prvCheckTasksWaitingTermination)
    prvIdleTask                              0x08001e99   Thumb Code    42  tasks.o(.text.prvIdleTask)
    [Anonymous Symbol]                       0x08001e98   Section        0  tasks.o(.text.prvIdleTask)
    prvProcessExpiredTimer                   0x08001ec5   Thumb Code   164  timers.o(.text.prvProcessExpiredTimer)
    [Anonymous Symbol]                       0x08001ec4   Section        0  timers.o(.text.prvProcessExpiredTimer)
    prvTaskExitError                         0x08001f69   Thumb Code    50  port.o(.text.prvTaskExitError)
    [Anonymous Symbol]                       0x08001f68   Section        0  port.o(.text.prvTaskExitError)
    prvTimerTask                             0x08001f9d   Thumb Code   806  timers.o(.text.prvTimerTask)
    [Anonymous Symbol]                       0x08001f9c   Section        0  timers.o(.text.prvTimerTask)
    prvUnlockQueue                           0x080022c5   Thumb Code   116  queue.o(.text.prvUnlockQueue)
    [Anonymous Symbol]                       0x080022c4   Section        0  queue.o(.text.prvUnlockQueue)
    [Anonymous Symbol]                       0x08002338   Section        0  tasks.o(.text.pvTaskIncrementMutexHeldCount)
    [Anonymous Symbol]                       0x08002350   Section        0  port.o(.text.pxPortInitialiseStack)
    [Anonymous Symbol]                       0x08002374   Section        0  gd32f30x_rcu.o(.text.rcu_clock_freq_get)
    [Anonymous Symbol]                       0x08002444   Section        0  gd32f30x_rcu.o(.text.rcu_periph_clock_enable)
    send_to_dsp_and_wait                     0x08002465   Thumb Code   376  mb_slavetask.o(.text.send_to_dsp_and_wait)
    [Anonymous Symbol]                       0x08002464   Section        0  mb_slavetask.o(.text.send_to_dsp_and_wait)
    [Anonymous Symbol]                       0x080025dc   Section        0  gd32f30x_usart.o(.text.usart_baudrate_set)
    [Anonymous Symbol]                       0x08002648   Section        0  gd32f30x_usart.o(.text.usart_dma_receive_config)
    [Anonymous Symbol]                       0x0800265c   Section        0  gd32f30x_usart.o(.text.usart_dma_transmit_config)
    [Anonymous Symbol]                       0x08002670   Section        0  gd32f30x_usart.o(.text.usart_enable)
    [Anonymous Symbol]                       0x0800267c   Section        0  gd32f30x_usart.o(.text.usart_flag_get)
    [Anonymous Symbol]                       0x0800268c   Section        0  gd32f30x_usart.o(.text.usart_interrupt_enable)
    [Anonymous Symbol]                       0x080026a4   Section        0  gd32f30x_usart.o(.text.usart_interrupt_flag_get)
    [Anonymous Symbol]                       0x080026c8   Section        0  gd32f30x_usart.o(.text.usart_parity_config)
    [Anonymous Symbol]                       0x080026d8   Section        0  gd32f30x_usart.o(.text.usart_receive_config)
    [Anonymous Symbol]                       0x080026ec   Section        0  gd32f30x_usart.o(.text.usart_stop_bit_set)
    [Anonymous Symbol]                       0x080026fc   Section        0  gd32f30x_usart.o(.text.usart_transmit_config)
    [Anonymous Symbol]                       0x08002710   Section        0  gd32f30x_usart.o(.text.usart_word_length_set)
    [Anonymous Symbol]                       0x08002720   Section        0  list.o(.text.uxListRemove)
    [Anonymous Symbol]                       0x08002744   Section        0  tasks.o(.text.uxTaskGetNumberOfTasks)
    [Anonymous Symbol]                       0x08002750   Section        0  tasks.o(.text.vApplicationGetTimerTaskMemory)
    [Anonymous Symbol]                       0x0800276c   Section        0  list.o(.text.vListInitialise)
    [Anonymous Symbol]                       0x08002784   Section        0  list.o(.text.vListInitialiseItem)
    [Anonymous Symbol]                       0x0800278c   Section        0  list.o(.text.vListInsert)
    [Anonymous Symbol]                       0x080027cc   Section        0  port.o(.text.vPortEnterCritical)
    [Anonymous Symbol]                       0x08002814   Section        0  port.o(.text.vPortExitCritical)
    [Anonymous Symbol]                       0x08002844   Section        0  heap_4.o(.text.vPortFree)
    [Anonymous Symbol]                       0x08002964   Section        0  port.o(.text.vPortValidateInterruptPriority)
    [Anonymous Symbol]                       0x0800299c   Section        0  queue.o(.text.vQueueWaitForMessageRestricted)
    [Anonymous Symbol]                       0x080029ec   Section        0  tasks.o(.text.vTaskDelay)
    [Anonymous Symbol]                       0x08002ac4   Section        0  tasks.o(.text.vTaskInternalSetTimeOutState)
    [Anonymous Symbol]                       0x08002ae4   Section        0  tasks.o(.text.vTaskMissedYield)
    [Anonymous Symbol]                       0x08002af4   Section        0  tasks.o(.text.vTaskPlaceOnEventList)
    [Anonymous Symbol]                       0x08002b30   Section        0  tasks.o(.text.vTaskPlaceOnEventListRestricted)
    [Anonymous Symbol]                       0x08002ba0   Section        0  tasks.o(.text.vTaskPriorityDisinheritAfterTimeout)
    [Anonymous Symbol]                       0x08002c64   Section        0  tasks.o(.text.vTaskStartScheduler)
    [Anonymous Symbol]                       0x08002d20   Section        0  tasks.o(.text.vTaskSuspendAll)
    __tagsym$$used.0                         0x08002d30   Number         0  tasks.o(.text.vTaskSwitchContext)
    [Anonymous Symbol]                       0x08002d30   Section        0  tasks.o(.text.vTaskSwitchContext)
    [Anonymous Symbol]                       0x08002dd4   Section        0  port.o(.text.xPortStartScheduler)
    [Anonymous Symbol]                       0x08002e9c   Section        0  queue.o(.text.xQueueCreateMutexStatic)
    [Anonymous Symbol]                       0x08002f3c   Section        0  queue.o(.text.xQueueGenericCreateStatic)
    [Anonymous Symbol]                       0x08003008   Section        0  queue.o(.text.xQueueGenericSend)
    [Anonymous Symbol]                       0x08003228   Section        0  queue.o(.text.xQueueGiveFromISR)
    [Anonymous Symbol]                       0x080032f4   Section        0  queue.o(.text.xQueueReceive)
    [Anonymous Symbol]                       0x080034a4   Section        0  queue.o(.text.xQueueSemaphoreTake)
    [Anonymous Symbol]                       0x08003670   Section        0  tasks.o(.text.xTaskCheckForTimeOut)
    [Anonymous Symbol]                       0x0800372c   Section        0  tasks.o(.text.xTaskCreateStatic)
    [Anonymous Symbol]                       0x08003844   Section        0  tasks.o(.text.xTaskGetSchedulerState)
    [Anonymous Symbol]                       0x0800386c   Section        0  tasks.o(.text.xTaskGetTickCount)
    [Anonymous Symbol]                       0x08003888   Section        0  tasks.o(.text.xTaskIncrementTick)
    [Anonymous Symbol]                       0x08003a68   Section        0  tasks.o(.text.xTaskPriorityDisinherit)
    [Anonymous Symbol]                       0x08003b18   Section        0  tasks.o(.text.xTaskPriorityInherit)
    [Anonymous Symbol]                       0x08003bc8   Section        0  tasks.o(.text.xTaskRemoveFromEventList)
    [Anonymous Symbol]                       0x08003cb0   Section        0  tasks.o(.text.xTaskResumeAll)
    [Anonymous Symbol]                       0x08003e54   Section        0  timers.o(.text.xTimerCreateTimerTask)
    $v0                                      0x08003f1c   Number         0  fpinit.o(x$fpl$fpinit)
    x$fpl$fpinit                             0x08003f1c   Section       26  fpinit.o(x$fpl$fpinit)
    .L__const.rcu_clock_freq_get.apb2_exp    0x08003f36   Data           8  gd32f30x_rcu.o(.rodata.cst8)
    g_dsp_mirror_reg_map                     0x08003f40   Data         192  dsp_mirror.o(.rodata.g_dsp_mirror_reg_map)
    [Anonymous Symbol]                       0x08003f40   Section        0  dsp_mirror.o(.rodata.g_dsp_mirror_reg_map)
    s_poll                                   0x08004000   Data          72  dsp_mastertask.o(.rodata.s_poll)
    [Anonymous Symbol]                       0x08004000   Section        0  dsp_mastertask.o(.rodata.s_poll)
    uxTopUsedPriority                        0x08004048   Data           4  tasks.o(.rodata.uxTopUsedPriority)
    [Anonymous Symbol]                       0x08004048   Section        0  tasks.o(.rodata.uxTopUsedPriority)
    uxCriticalNesting                        0x20000060   Data           4  port.o(.data.uxCriticalNesting)
    [Anonymous Symbol]                       0x20000060   Section        0  port.o(.data.uxCriticalNesting)
    .bss                                     0x20000068   Section       96  libspace.o(.bss)
    prvCheckForValidListAndQueue.ucStaticTimerQueueStorage 0x20000f6c   Data         240  timers.o(.bss.prvCheckForValidListAndQueue.ucStaticTimerQueueStorage)
    [Anonymous Symbol]                       0x20000f6c   Section        0  timers.o(.bss.prvCheckForValidListAndQueue.ucStaticTimerQueueStorage)
    prvCheckForValidListAndQueue.xStaticTimerQueue 0x20001060   Data          80  timers.o(.bss.prvCheckForValidListAndQueue.xStaticTimerQueue)
    [Anonymous Symbol]                       0x20001060   Section        0  timers.o(.bss.prvCheckForValidListAndQueue.xStaticTimerQueue)
    prvSampleTimeNow.xLastTime               0x200010b0   Data           8  timers.o(.bss.prvSampleTimeNow.xLastTime)
    [Anonymous Symbol]                       0x200010b0   Section        0  timers.o(.bss.prvSampleTimeNow.xLastTime)
    __tagsym$$used.1                         0x200010b8   Number         0  tasks.o(.bss.pxCurrentTCB)
    pxCurrentTimerList                       0x200010bc   Data           4  timers.o(.bss.pxCurrentTimerList)
    [Anonymous Symbol]                       0x200010bc   Section        0  timers.o(.bss.pxCurrentTimerList)
    pxDelayedTaskList                        0x200010c0   Data           4  tasks.o(.bss.pxDelayedTaskList)
    [Anonymous Symbol]                       0x200010c0   Section        0  tasks.o(.bss.pxDelayedTaskList)
    pxEnd                                    0x200010c4   Data           4  heap_4.o(.bss.pxEnd)
    [Anonymous Symbol]                       0x200010c4   Section        0  heap_4.o(.bss.pxEnd)
    pxOverflowDelayedTaskList                0x200010c8   Data           4  tasks.o(.bss.pxOverflowDelayedTaskList)
    [Anonymous Symbol]                       0x200010c8   Section        0  tasks.o(.bss.pxOverflowDelayedTaskList)
    pxOverflowTimerList                      0x200010cc   Data           4  timers.o(.bss.pxOverflowTimerList)
    [Anonymous Symbol]                       0x200010cc   Section        0  timers.o(.bss.pxOverflowTimerList)
    pxReadyTasksLists                        0x200010d0   Data         120  tasks.o(.bss.pxReadyTasksLists)
    [Anonymous Symbol]                       0x200010d0   Section        0  tasks.o(.bss.pxReadyTasksLists)
    rx_buf1                                  0x20001148   Data         256  bsp_uart.o(.bss.rx_buf1)
    [Anonymous Symbol]                       0x20001148   Section        0  bsp_uart.o(.bss.rx_buf1)
    rx_buf2                                  0x20001248   Data         256  bsp_uart.o(.bss.rx_buf2)
    [Anonymous Symbol]                       0x20001248   Section        0  bsp_uart.o(.bss.rx_buf2)
    s_dsp_reply_data.0                       0x20001348   Data           4  mb_slavetask.o(.bss.s_dsp_reply_data.0)
    [Anonymous Symbol]                       0x20001348   Section        0  mb_slavetask.o(.bss.s_dsp_reply_data.0)
    s_dsp_reply_sem                          0x2000134c   Data           4  mb_slavetask.o(.bss.s_dsp_reply_sem)
    [Anonymous Symbol]                       0x2000134c   Section        0  mb_slavetask.o(.bss.s_dsp_reply_sem)
    s_dsp_reply_sem_buf                      0x20001350   Data          80  mb_slavetask.o(.bss.s_dsp_reply_sem_buf)
    [Anonymous Symbol]                       0x20001350   Section        0  mb_slavetask.o(.bss.s_dsp_reply_sem_buf)
    s_dsp_rx_buf                             0x200013a0   Data         256  mb_slavetask.o(.bss.s_dsp_rx_buf)
    [Anonymous Symbol]                       0x200013a0   Section        0  mb_slavetask.o(.bss.s_dsp_rx_buf)
    s_dsp_task_stack                         0x200014a0   Data        1024  main.o(.bss.s_dsp_task_stack)
    [Anonymous Symbol]                       0x200014a0   Section        0  main.o(.bss.s_dsp_task_stack)
    s_dsp_task_tcb                           0x200018a0   Data          96  main.o(.bss.s_dsp_task_tcb)
    [Anonymous Symbol]                       0x200018a0   Section        0  main.o(.bss.s_dsp_task_tcb)
    s_dsp_tx_buf                             0x20001900   Data         256  mb_slavetask.o(.bss.s_dsp_tx_buf)
    [Anonymous Symbol]                       0x20001900   Section        0  mb_slavetask.o(.bss.s_dsp_tx_buf)
    s_mb_slave_task_stack                    0x20001a00   Data         640  main.o(.bss.s_mb_slave_task_stack)
    [Anonymous Symbol]                       0x20001a00   Section        0  main.o(.bss.s_mb_slave_task_stack)
    s_mb_slave_task_tcb                      0x20001c80   Data          96  main.o(.bss.s_mb_slave_task_tcb)
    [Anonymous Symbol]                       0x20001c80   Section        0  main.o(.bss.s_mb_slave_task_tcb)
    s_reg_mutex_buf                          0x20001ce0   Data          80  main.o(.bss.s_reg_mutex_buf)
    [Anonymous Symbol]                       0x20001ce0   Section        0  main.o(.bss.s_reg_mutex_buf)
    s_rs485_1_sem_buf                        0x20001d30   Data          80  main.o(.bss.s_rs485_1_sem_buf)
    [Anonymous Symbol]                       0x20001d30   Section        0  main.o(.bss.s_rs485_1_sem_buf)
    s_rs485_2_sem_buf                        0x20001d80   Data          80  main.o(.bss.s_rs485_2_sem_buf)
    [Anonymous Symbol]                       0x20001d80   Section        0  main.o(.bss.s_rs485_2_sem_buf)
    s_rx_buf                                 0x20001dd0   Data         256  dsp_mastertask.o(.bss.s_rx_buf)
    [Anonymous Symbol]                       0x20001dd0   Section        0  dsp_mastertask.o(.bss.s_rx_buf)
    s_rx_buf                                 0x20001ed0   Data         256  mb_slavetask.o(.bss.s_rx_buf)
    [Anonymous Symbol]                       0x20001ed0   Section        0  mb_slavetask.o(.bss.s_rx_buf)
    s_tx_buf                                 0x20001fd0   Data         256  dsp_mastertask.o(.bss.s_tx_buf)
    [Anonymous Symbol]                       0x20001fd0   Section        0  dsp_mastertask.o(.bss.s_tx_buf)
    s_tx_buf                                 0x200020d0   Data         256  mb_slavetask.o(.bss.s_tx_buf)
    [Anonymous Symbol]                       0x200020d0   Section        0  mb_slavetask.o(.bss.s_tx_buf)
    s_uart1_tx_sem_buf                       0x200021d0   Data          80  bsp_uart.o(.bss.s_uart1_tx_sem_buf)
    [Anonymous Symbol]                       0x200021d0   Section        0  bsp_uart.o(.bss.s_uart1_tx_sem_buf)
    s_uart2_mutex_buf                        0x20002220   Data          80  main.o(.bss.s_uart2_mutex_buf)
    [Anonymous Symbol]                       0x20002220   Section        0  main.o(.bss.s_uart2_mutex_buf)
    s_uart2_tx_sem_buf                       0x20002270   Data          80  bsp_uart.o(.bss.s_uart2_tx_sem_buf)
    [Anonymous Symbol]                       0x20002270   Section        0  bsp_uart.o(.bss.s_uart2_tx_sem_buf)
    tx_buf1                                  0x200022c0   Data         256  bsp_uart.o(.bss.tx_buf1)
    [Anonymous Symbol]                       0x200022c0   Section        0  bsp_uart.o(.bss.tx_buf1)
    tx_buf2                                  0x200023c0   Data         256  bsp_uart.o(.bss.tx_buf2)
    [Anonymous Symbol]                       0x200023c0   Section        0  bsp_uart.o(.bss.tx_buf2)
    ucHeap                                   0x200024c0   Data       10240  heap_4.o(.bss.ucHeap)
    [Anonymous Symbol]                       0x200024c0   Section        0  heap_4.o(.bss.ucHeap)
    uxCurrentNumberOfTasks                   0x20004cc0   Data           4  tasks.o(.bss.uxCurrentNumberOfTasks)
    [Anonymous Symbol]                       0x20004cc0   Section        0  tasks.o(.bss.uxCurrentNumberOfTasks)
    uxDeletedTasksWaitingCleanUp             0x20004cc4   Data           4  tasks.o(.bss.uxDeletedTasksWaitingCleanUp)
    [Anonymous Symbol]                       0x20004cc4   Section        0  tasks.o(.bss.uxDeletedTasksWaitingCleanUp)
    uxSchedulerSuspended                     0x20004cc8   Data           4  tasks.o(.bss.uxSchedulerSuspended)
    [Anonymous Symbol]                       0x20004cc8   Section        0  tasks.o(.bss.uxSchedulerSuspended)
    uxTaskNumber                             0x20004ccc   Data           4  tasks.o(.bss.uxTaskNumber)
    [Anonymous Symbol]                       0x20004ccc   Section        0  tasks.o(.bss.uxTaskNumber)
    uxTopReadyPriority                       0x20004cd0   Data           4  tasks.o(.bss.uxTopReadyPriority)
    [Anonymous Symbol]                       0x20004cd0   Section        0  tasks.o(.bss.uxTopReadyPriority)
    vApplicationGetIdleTaskMemory.uxIdleTaskStack 0x20004cd4   Data         512  tasks.o(.bss.vApplicationGetIdleTaskMemory.uxIdleTaskStack)
    [Anonymous Symbol]                       0x20004cd4   Section        0  tasks.o(.bss.vApplicationGetIdleTaskMemory.uxIdleTaskStack)
    vApplicationGetIdleTaskMemory.xIdleTaskTCB 0x20004ed8   Data          96  tasks.o(.bss.vApplicationGetIdleTaskMemory.xIdleTaskTCB)
    [Anonymous Symbol]                       0x20004ed8   Section        0  tasks.o(.bss.vApplicationGetIdleTaskMemory.xIdleTaskTCB)
    vApplicationGetTimerTaskMemory.uxTimerTaskStack 0x20004f38   Data         512  tasks.o(.bss.vApplicationGetTimerTaskMemory.uxTimerTaskStack)
    [Anonymous Symbol]                       0x20004f38   Section        0  tasks.o(.bss.vApplicationGetTimerTaskMemory.uxTimerTaskStack)
    vApplicationGetTimerTaskMemory.xTimerTaskTCB 0x20005138   Data          96  tasks.o(.bss.vApplicationGetTimerTaskMemory.xTimerTaskTCB)
    [Anonymous Symbol]                       0x20005138   Section        0  tasks.o(.bss.vApplicationGetTimerTaskMemory.xTimerTaskTCB)
    xActiveTimerList1                        0x20005198   Data          24  timers.o(.bss.xActiveTimerList1)
    [Anonymous Symbol]                       0x20005198   Section        0  timers.o(.bss.xActiveTimerList1)
    xActiveTimerList2                        0x200051b0   Data          24  timers.o(.bss.xActiveTimerList2)
    [Anonymous Symbol]                       0x200051b0   Section        0  timers.o(.bss.xActiveTimerList2)
    xDelayedTaskList1                        0x200051c8   Data          24  tasks.o(.bss.xDelayedTaskList1)
    [Anonymous Symbol]                       0x200051c8   Section        0  tasks.o(.bss.xDelayedTaskList1)
    xDelayedTaskList2                        0x200051e0   Data          24  tasks.o(.bss.xDelayedTaskList2)
    [Anonymous Symbol]                       0x200051e0   Section        0  tasks.o(.bss.xDelayedTaskList2)
    xFreeBytesRemaining                      0x200051f8   Data           4  heap_4.o(.bss.xFreeBytesRemaining)
    [Anonymous Symbol]                       0x200051f8   Section        0  heap_4.o(.bss.xFreeBytesRemaining)
    xIdleTaskHandles.0                       0x200051fc   Data           4  tasks.o(.bss.xIdleTaskHandles.0)
    [Anonymous Symbol]                       0x200051fc   Section        0  tasks.o(.bss.xIdleTaskHandles.0)
    xNextTaskUnblockTime                     0x20005200   Data           8  tasks.o(.bss.xNextTaskUnblockTime)
    [Anonymous Symbol]                       0x20005200   Section        0  tasks.o(.bss.xNextTaskUnblockTime)
    xNumOfOverflows                          0x20005208   Data           4  tasks.o(.bss.xNumOfOverflows)
    [Anonymous Symbol]                       0x20005208   Section        0  tasks.o(.bss.xNumOfOverflows)
    xNumberOfSuccessfulFrees                 0x2000520c   Data           4  heap_4.o(.bss.xNumberOfSuccessfulFrees)
    [Anonymous Symbol]                       0x2000520c   Section        0  heap_4.o(.bss.xNumberOfSuccessfulFrees)
    xPendedTicks                             0x20005210   Data           8  tasks.o(.bss.xPendedTicks)
    [Anonymous Symbol]                       0x20005210   Section        0  tasks.o(.bss.xPendedTicks)
    xPendingReadyList                        0x20005218   Data          24  tasks.o(.bss.xPendingReadyList)
    [Anonymous Symbol]                       0x20005218   Section        0  tasks.o(.bss.xPendingReadyList)
    xSchedulerRunning                        0x20005230   Data           4  tasks.o(.bss.xSchedulerRunning)
    [Anonymous Symbol]                       0x20005230   Section        0  tasks.o(.bss.xSchedulerRunning)
    xStart                                   0x20005234   Data           8  heap_4.o(.bss.xStart)
    [Anonymous Symbol]                       0x20005234   Section        0  heap_4.o(.bss.xStart)
    xSuspendedTaskList                       0x20005240   Data          24  tasks.o(.bss.xSuspendedTaskList)
    [Anonymous Symbol]                       0x20005240   Section        0  tasks.o(.bss.xSuspendedTaskList)
    xTasksWaitingTermination                 0x20005258   Data          24  tasks.o(.bss.xTasksWaitingTermination)
    [Anonymous Symbol]                       0x20005258   Section        0  tasks.o(.bss.xTasksWaitingTermination)
    xTickCount                               0x20005270   Data           8  tasks.o(.bss.xTickCount)
    [Anonymous Symbol]                       0x20005270   Section        0  tasks.o(.bss.xTickCount)
    xTimerQueue                              0x20005278   Data           4  timers.o(.bss.xTimerQueue)
    [Anonymous Symbol]                       0x20005278   Section        0  timers.o(.bss.xTimerQueue)
    xTimerTaskHandle                         0x2000527c   Data           4  timers.o(.bss.xTimerTaskHandle)
    [Anonymous Symbol]                       0x2000527c   Section        0  timers.o(.bss.xTimerTaskHandle)
    xYieldPendings                           0x20005280   Data           4  tasks.o(.bss.xYieldPendings)
    [Anonymous Symbol]                       0x20005280   Section        0  tasks.o(.bss.xYieldPendings)
    Heap_Mem                                 0x20005288   Data        1024  startup_gd32f30x_hd.o(HEAP)
    HEAP                                     0x20005288   Section     1024  startup_gd32f30x_hd.o(HEAP)
    Stack_Mem                                0x20005688   Data        1024  startup_gd32f30x_hd.o(STACK)
    STACK                                    0x20005688   Section     1024  startup_gd32f30x_hd.o(STACK)
    __initial_sp                             0x20005a88   Data           0  startup_gd32f30x_hd.o(STACK)

    Global Symbols

    Symbol Name                              Value     Ov Type        Size  Object(Section)

    BuildAttributes$$THM_ISAv4$E$P$D$K$B$S$7EM$VFPi3$EXTD16$VFPS$VFMA$PE$A:L22UL41UL21$X:L11$S22US41US21$IEEE1$IW$~IW$USESV6$~STKCKD$USESV7$~SHL$OTIME$ROPI$EBA8$UX$STANDARDLIB$REQ8$PRES8$EABIv2 0x00000000   Number         0  anon$$obj.o ABSOLUTE
    __ARM_exceptions_init                     - Undefined Weak Reference
    __alloca_initialize                       - Undefined Weak Reference
    __arm_preinit_                            - Undefined Weak Reference
    __arm_relocate_pie_                       - Undefined Weak Reference
    __cpp_initialize__aeabi_                  - Undefined Weak Reference
    __cxa_finalize                            - Undefined Weak Reference
    __rt_locale                               - Undefined Weak Reference
    __sigvec_lookup                           - Undefined Weak Reference
    _atexit_init                              - Undefined Weak Reference
    _call_atexit_fns                          - Undefined Weak Reference
    _clock_init                               - Undefined Weak Reference
    _fp_trap_init                             - Undefined Weak Reference
    _fp_trap_shutdown                         - Undefined Weak Reference
    _get_lc_collate                           - Undefined Weak Reference
    _get_lc_ctype                             - Undefined Weak Reference
    _get_lc_monetary                          - Undefined Weak Reference
    _get_lc_numeric                           - Undefined Weak Reference
    _get_lc_time                              - Undefined Weak Reference
    _getenv_init                              - Undefined Weak Reference
    _handle_redirection                       - Undefined Weak Reference
    _init_alloc                               - Undefined Weak Reference
    _init_user_alloc                          - Undefined Weak Reference
    _initio                                   - Undefined Weak Reference
    _rand_init                                - Undefined Weak Reference
    _signal_finish                            - Undefined Weak Reference
    _signal_init                              - Undefined Weak Reference
    _terminate_alloc                          - Undefined Weak Reference
    _terminate_user_alloc                     - Undefined Weak Reference
    _terminateio                              - Undefined Weak Reference
    __Vectors_Size                           0x00000130   Number         0  startup_gd32f30x_hd.o ABSOLUTE
    __Vectors                                0x08000000   Data           4  startup_gd32f30x_hd.o(RESET)
    __Vectors_End                            0x08000130   Data           0  startup_gd32f30x_hd.o(RESET)
    __main                                   0x08000131   Thumb Code     8  __main.o(!!!main)
    __scatterload                            0x08000139   Thumb Code     0  __scatter.o(!!!scatter)
    __scatterload_rt2                        0x08000139   Thumb Code    84  __scatter.o(!!!scatter)
    __scatterload_rt2_thumb_only             0x08000139   Thumb Code     0  __scatter.o(!!!scatter)
    __scatterload_loop                       0x08000143   Thumb Code     0  __scatter.o(!!!scatter)
    __scatterload_copy                       0x08000195   Thumb Code    26  __scatter_copy.o(!!handler_copy)
    __scatterload_null                       0x080001b1   Thumb Code     2  __scatter.o(!!handler_null)
    __scatterload_zeroinit                   0x080001b5   Thumb Code    28  __scatter_zi.o(!!handler_zi)
    __rt_lib_init                            0x080001d1   Thumb Code     0  libinit.o(.ARM.Collect$$libinit$$00000000)
    __rt_lib_init_fp_1                       0x080001d3   Thumb Code     0  libinit2.o(.ARM.Collect$$libinit$$00000001)
    __rt_lib_init_alloca_1                   0x080001d7   Thumb Code     0  libinit2.o(.ARM.Collect$$libinit$$00000030)
    __rt_lib_init_argv_1                     0x080001d7   Thumb Code     0  libinit2.o(.ARM.Collect$$libinit$$0000002E)
    __rt_lib_init_atexit_1                   0x080001d7   Thumb Code     0  libinit2.o(.ARM.Collect$$libinit$$0000001D)
    __rt_lib_init_clock_1                    0x080001d7   Thumb Code     0  libinit2.o(.ARM.Collect$$libinit$$00000023)
    __rt_lib_init_cpp_1                      0x080001d7   Thumb Code     0  libinit2.o(.ARM.Collect$$libinit$$00000034)
    __rt_lib_init_exceptions_1               0x080001d7   Thumb Code     0  libinit2.o(.ARM.Collect$$libinit$$00000032)
    __rt_lib_init_fp_trap_1                  0x080001d7   Thumb Code     0  libinit2.o(.ARM.Collect$$libinit$$00000021)
    __rt_lib_init_getenv_1                   0x080001d7   Thumb Code     0  libinit2.o(.ARM.Collect$$libinit$$00000025)
    __rt_lib_init_heap_1                     0x080001d7   Thumb Code     0  libinit2.o(.ARM.Collect$$libinit$$0000000C)
    __rt_lib_init_lc_collate_1               0x080001d7   Thumb Code     0  libinit2.o(.ARM.Collect$$libinit$$00000013)
    __rt_lib_init_lc_ctype_1                 0x080001d7   Thumb Code     0  libinit2.o(.ARM.Collect$$libinit$$00000015)
    __rt_lib_init_lc_monetary_1              0x080001d7   Thumb Code     0  libinit2.o(.ARM.Collect$$libinit$$00000017)
    __rt_lib_init_lc_numeric_1               0x080001d7   Thumb Code     0  libinit2.o(.ARM.Collect$$libinit$$00000019)
    __rt_lib_init_lc_time_1                  0x080001d7   Thumb Code     0  libinit2.o(.ARM.Collect$$libinit$$0000001B)
    __rt_lib_init_preinit_1                  0x080001d7   Thumb Code     0  libinit2.o(.ARM.Collect$$libinit$$00000006)
    __rt_lib_init_rand_1                     0x080001d7   Thumb Code     0  libinit2.o(.ARM.Collect$$libinit$$00000010)
    __rt_lib_init_relocate_pie_1             0x080001d7   Thumb Code     0  libinit2.o(.ARM.Collect$$libinit$$00000004)
    __rt_lib_init_return                     0x080001d7   Thumb Code     0  libinit2.o(.ARM.Collect$$libinit$$00000035)
    __rt_lib_init_signal_1                   0x080001d7   Thumb Code     0  libinit2.o(.ARM.Collect$$libinit$$0000001F)
    __rt_lib_init_stdio_1                    0x080001d7   Thumb Code     0  libinit2.o(.ARM.Collect$$libinit$$00000027)
    __rt_lib_init_user_alloc_1               0x080001d7   Thumb Code     0  libinit2.o(.ARM.Collect$$libinit$$0000000E)
    __rt_lib_shutdown                        0x080001d9   Thumb Code     0  libshutdown.o(.ARM.Collect$$libshutdown$$00000000)
    __rt_lib_shutdown_cpp_1                  0x080001db   Thumb Code     0  libshutdown2.o(.ARM.Collect$$libshutdown$$00000002)
    __rt_lib_shutdown_fp_trap_1              0x080001db   Thumb Code     0  libshutdown2.o(.ARM.Collect$$libshutdown$$00000007)
    __rt_lib_shutdown_heap_1                 0x080001db   Thumb Code     0  libshutdown2.o(.ARM.Collect$$libshutdown$$0000000F)
    __rt_lib_shutdown_return                 0x080001db   Thumb Code     0  libshutdown2.o(.ARM.Collect$$libshutdown$$00000010)
    __rt_lib_shutdown_signal_1               0x080001db   Thumb Code     0  libshutdown2.o(.ARM.Collect$$libshutdown$$0000000A)
    __rt_lib_shutdown_stdio_1                0x080001db   Thumb Code     0  libshutdown2.o(.ARM.Collect$$libshutdown$$00000004)
    __rt_lib_shutdown_user_alloc_1           0x080001db   Thumb Code     0  libshutdown2.o(.ARM.Collect$$libshutdown$$0000000C)
    __rt_entry                               0x080001dd   Thumb Code     0  __rtentry.o(.ARM.Collect$$rtentry$$00000000)
    __rt_entry_presh_1                       0x080001dd   Thumb Code     0  __rtentry2.o(.ARM.Collect$$rtentry$$00000002)
    __rt_entry_sh                            0x080001dd   Thumb Code     0  __rtentry4.o(.ARM.Collect$$rtentry$$00000004)
    __rt_entry_li                            0x080001e3   Thumb Code     0  __rtentry2.o(.ARM.Collect$$rtentry$$0000000A)
    __rt_entry_postsh_1                      0x080001e3   Thumb Code     0  __rtentry2.o(.ARM.Collect$$rtentry$$00000009)
    __rt_entry_main                          0x080001e7   Thumb Code     0  __rtentry2.o(.ARM.Collect$$rtentry$$0000000D)
    __rt_entry_postli_1                      0x080001e7   Thumb Code     0  __rtentry2.o(.ARM.Collect$$rtentry$$0000000C)
    __rt_exit                                0x080001ef   Thumb Code     0  rtexit.o(.ARM.Collect$$rtexit$$00000000)
    __rt_exit_ls                             0x080001f1   Thumb Code     0  rtexit2.o(.ARM.Collect$$rtexit$$00000003)
    __rt_exit_prels_1                        0x080001f1   Thumb Code     0  rtexit2.o(.ARM.Collect$$rtexit$$00000002)
    __rt_exit_exit                           0x080001f5   Thumb Code     0  rtexit2.o(.ARM.Collect$$rtexit$$00000004)
    Reset_Handler                            0x080001fd   Thumb Code     8  startup_gd32f30x_hd.o(.text)
    NMI_Handler                              0x08000205   Thumb Code     2  startup_gd32f30x_hd.o(.text)
    HardFault_Handler                        0x08000207   Thumb Code     2  startup_gd32f30x_hd.o(.text)
    MemManage_Handler                        0x08000209   Thumb Code     2  startup_gd32f30x_hd.o(.text)
    BusFault_Handler                         0x0800020b   Thumb Code     2  startup_gd32f30x_hd.o(.text)
    UsageFault_Handler                       0x0800020d   Thumb Code     2  startup_gd32f30x_hd.o(.text)
    DebugMon_Handler                         0x08000211   Thumb Code     2  startup_gd32f30x_hd.o(.text)
    ADC0_1_IRQHandler                        0x08000217   Thumb Code     0  startup_gd32f30x_hd.o(.text)
    ADC2_IRQHandler                          0x08000217   Thumb Code     0  startup_gd32f30x_hd.o(.text)
    CAN0_EWMC_IRQHandler                     0x08000217   Thumb Code     0  startup_gd32f30x_hd.o(.text)
    CAN0_RX1_IRQHandler                      0x08000217   Thumb Code     0  startup_gd32f30x_hd.o(.text)
    DMA0_Channel0_IRQHandler                 0x08000217   Thumb Code     0  startup_gd32f30x_hd.o(.text)
    DMA0_Channel1_IRQHandler                 0x08000217   Thumb Code     0  startup_gd32f30x_hd.o(.text)
    DMA0_Channel2_IRQHandler                 0x08000217   Thumb Code     0  startup_gd32f30x_hd.o(.text)
    DMA0_Channel4_IRQHandler                 0x08000217   Thumb Code     0  startup_gd32f30x_hd.o(.text)
    DMA0_Channel5_IRQHandler                 0x08000217   Thumb Code     0  startup_gd32f30x_hd.o(.text)
    DMA1_Channel0_IRQHandler                 0x08000217   Thumb Code     0  startup_gd32f30x_hd.o(.text)
    DMA1_Channel1_IRQHandler                 0x08000217   Thumb Code     0  startup_gd32f30x_hd.o(.text)
    DMA1_Channel2_IRQHandler                 0x08000217   Thumb Code     0  startup_gd32f30x_hd.o(.text)
    DMA1_Channel3_4_IRQHandler               0x08000217   Thumb Code     0  startup_gd32f30x_hd.o(.text)
    EXMC_IRQHandler                          0x08000217   Thumb Code     0  startup_gd32f30x_hd.o(.text)
    EXTI0_IRQHandler                         0x08000217   Thumb Code     0  startup_gd32f30x_hd.o(.text)
    EXTI10_15_IRQHandler                     0x08000217   Thumb Code     0  startup_gd32f30x_hd.o(.text)
    EXTI1_IRQHandler                         0x08000217   Thumb Code     0  startup_gd32f30x_hd.o(.text)
    EXTI2_IRQHandler                         0x08000217   Thumb Code     0  startup_gd32f30x_hd.o(.text)
    EXTI3_IRQHandler                         0x08000217   Thumb Code     0  startup_gd32f30x_hd.o(.text)
    EXTI4_IRQHandler                         0x08000217   Thumb Code     0  startup_gd32f30x_hd.o(.text)
    EXTI5_9_IRQHandler                       0x08000217   Thumb Code     0  startup_gd32f30x_hd.o(.text)
    FMC_IRQHandler                           0x08000217   Thumb Code     0  startup_gd32f30x_hd.o(.text)
    I2C0_ER_IRQHandler                       0x08000217   Thumb Code     0  startup_gd32f30x_hd.o(.text)
    I2C0_EV_IRQHandler                       0x08000217   Thumb Code     0  startup_gd32f30x_hd.o(.text)
    I2C1_ER_IRQHandler                       0x08000217   Thumb Code     0  startup_gd32f30x_hd.o(.text)
    I2C1_EV_IRQHandler                       0x08000217   Thumb Code     0  startup_gd32f30x_hd.o(.text)
    LVD_IRQHandler                           0x08000217   Thumb Code     0  startup_gd32f30x_hd.o(.text)
    RCU_CTC_IRQHandler                       0x08000217   Thumb Code     0  startup_gd32f30x_hd.o(.text)
    RTC_Alarm_IRQHandler                     0x08000217   Thumb Code     0  startup_gd32f30x_hd.o(.text)
    RTC_IRQHandler                           0x08000217   Thumb Code     0  startup_gd32f30x_hd.o(.text)
    SDIO_IRQHandler                          0x08000217   Thumb Code     0  startup_gd32f30x_hd.o(.text)
    SPI0_IRQHandler                          0x08000217   Thumb Code     0  startup_gd32f30x_hd.o(.text)
    SPI1_IRQHandler                          0x08000217   Thumb Code     0  startup_gd32f30x_hd.o(.text)
    SPI2_IRQHandler                          0x08000217   Thumb Code     0  startup_gd32f30x_hd.o(.text)
    TAMPER_IRQHandler                        0x08000217   Thumb Code     0  startup_gd32f30x_hd.o(.text)
    TIMER0_BRK_IRQHandler                    0x08000217   Thumb Code     0  startup_gd32f30x_hd.o(.text)
    TIMER0_Channel_IRQHandler                0x08000217   Thumb Code     0  startup_gd32f30x_hd.o(.text)
    TIMER0_TRG_CMT_IRQHandler                0x08000217   Thumb Code     0  startup_gd32f30x_hd.o(.text)
    TIMER0_UP_IRQHandler                     0x08000217   Thumb Code     0  startup_gd32f30x_hd.o(.text)
    TIMER1_IRQHandler                        0x08000217   Thumb Code     0  startup_gd32f30x_hd.o(.text)
    TIMER2_IRQHandler                        0x08000217   Thumb Code     0  startup_gd32f30x_hd.o(.text)
    TIMER3_IRQHandler                        0x08000217   Thumb Code     0  startup_gd32f30x_hd.o(.text)
    TIMER4_IRQHandler                        0x08000217   Thumb Code     0  startup_gd32f30x_hd.o(.text)
    TIMER5_IRQHandler                        0x08000217   Thumb Code     0  startup_gd32f30x_hd.o(.text)
    TIMER6_IRQHandler                        0x08000217   Thumb Code     0  startup_gd32f30x_hd.o(.text)
    TIMER7_BRK_IRQHandler                    0x08000217   Thumb Code     0  startup_gd32f30x_hd.o(.text)
    TIMER7_Channel_IRQHandler                0x08000217   Thumb Code     0  startup_gd32f30x_hd.o(.text)
    TIMER7_TRG_CMT_IRQHandler                0x08000217   Thumb Code     0  startup_gd32f30x_hd.o(.text)
    TIMER7_UP_IRQHandler                     0x08000217   Thumb Code     0  startup_gd32f30x_hd.o(.text)
    UART3_IRQHandler                         0x08000217   Thumb Code     0  startup_gd32f30x_hd.o(.text)
    UART4_IRQHandler                         0x08000217   Thumb Code     0  startup_gd32f30x_hd.o(.text)
    USART0_IRQHandler                        0x08000217   Thumb Code     0  startup_gd32f30x_hd.o(.text)
    USBD_HP_CAN0_TX_IRQHandler               0x08000217   Thumb Code     0  startup_gd32f30x_hd.o(.text)
    USBD_LP_CAN0_RX0_IRQHandler              0x08000217   Thumb Code     0  startup_gd32f30x_hd.o(.text)
    USBD_WKUP_IRQHandler                     0x08000217   Thumb Code     0  startup_gd32f30x_hd.o(.text)
    WWDGT_IRQHandler                         0x08000217   Thumb Code     0  startup_gd32f30x_hd.o(.text)
    __user_initial_stackheap                 0x08000219   Thumb Code    10  startup_gd32f30x_hd.o(.text)
    __aeabi_memcpy                           0x0800023d   Thumb Code     0  rt_memcpy_v6.o(.text)
    __rt_memcpy                              0x0800023d   Thumb Code   138  rt_memcpy_v6.o(.text)
    _memcpy_lastbytes                        0x080002a3   Thumb Code     0  rt_memcpy_v6.o(.text)
    __aeabi_memclr                           0x080002c7   Thumb Code     0  rt_memclr.o(.text)
    __rt_memclr                              0x080002c7   Thumb Code     0  rt_memclr.o(.text)
    _memset                                  0x080002cb   Thumb Code    64  rt_memclr.o(.text)
    __aeabi_memclr4                          0x0800030b   Thumb Code     0  rt_memclr_w.o(.text)
    __aeabi_memclr8                          0x0800030b   Thumb Code     0  rt_memclr_w.o(.text)
    __rt_memclr_w                            0x0800030b   Thumb Code     0  rt_memclr_w.o(.text)
    _memset_w                                0x0800030f   Thumb Code    74  rt_memclr_w.o(.text)
    __use_two_region_memory                  0x08000359   Thumb Code     2  heapauxi.o(.text)
    __rt_heap_escrow$2region                 0x0800035b   Thumb Code     2  heapauxi.o(.text)
    __rt_heap_expand$2region                 0x0800035d   Thumb Code     2  heapauxi.o(.text)
    __aeabi_memcpy4                          0x0800035f   Thumb Code     0  rt_memcpy_w.o(.text)
    __aeabi_memcpy8                          0x0800035f   Thumb Code     0  rt_memcpy_w.o(.text)
    __rt_memcpy_w                            0x0800035f   Thumb Code   100  rt_memcpy_w.o(.text)
    _memcpy_lastbytes_aligned                0x080003a7   Thumb Code     0  rt_memcpy_w.o(.text)
    __user_setup_stackheap                   0x080003c3   Thumb Code    74  sys_stackheap_outer.o(.text)
    exit                                     0x0800040d   Thumb Code    18  exit.o(.text)
    __user_libspace                          0x08000421   Thumb Code     8  libspace.o(.text)
    __user_perproc_libspace                  0x08000421   Thumb Code     0  libspace.o(.text)
    __user_perthread_libspace                0x08000421   Thumb Code     0  libspace.o(.text)
    _sys_exit                                0x08000429   Thumb Code     8  sys_exit.o(.text)
    __I$use$semihosting                      0x08000435   Thumb Code     0  use_no_semi.o(.text)
    __use_no_semihosting_swi                 0x08000435   Thumb Code     2  use_no_semi.o(.text)
    __semihosting_library_function           0x08000437   Thumb Code     0  indicate_semi.o(.text)
    DMA0_Channel3_IRQHandler                 0x08000439   Thumb Code   150  bsp_uart.o(.text.DMA0_Channel3_IRQHandler)
    DMA0_Channel6_IRQHandler                 0x080004d1   Thumb Code   150  bsp_uart.o(.text.DMA0_Channel6_IRQHandler)
    DSP_MasterTask                           0x08000569   Thumb Code   492  dsp_mastertask.o(.text.DSP_MasterTask)
    MB_SlaveTask                             0x08000755   Thumb Code   796  mb_slavetask.o(.text.MB_SlaveTask)
    PendSV_Handler                           0x08000a71   Thumb Code    96  port.o(.text.PendSV_Handler)
    SVC_Handler                              0x08000ad1   Thumb Code    32  port.o(.text.SVC_Handler)
    SysTick_Handler                          0x08000af1   Thumb Code    46  port.o(.text.SysTick_Handler)
    SystemInit                               0x08000b21   Thumb Code   620  system_gd32f30x.o(.text.SystemInit)
    USART1_IRQHandler                        0x08000d8d   Thumb Code   116  bsp_uart.o(.text.USART1_IRQHandler)
    USART2_IRQHandler                        0x08000e01   Thumb Code   116  bsp_uart.o(.text.USART2_IRQHandler)
    bsp_init                                 0x08000e75   Thumb Code    14  bsp_init.o(.text.bsp_init)
    bsp_uart1_init                           0x08000e85   Thumb Code   430  bsp_uart.o(.text.bsp_uart1_init)
    bsp_uart2_init                           0x08001035   Thumb Code   422  bsp_uart.o(.text.bsp_uart2_init)
    bsp_uart_send                            0x080011dd   Thumb Code    98  bsp_uart.o(.text.bsp_uart_send)
    dma_channel_disable                      0x08001241   Thumb Code    36  gd32f30x_dma.o(.text.dma_channel_disable)
    dma_channel_enable                       0x08001265   Thumb Code    36  gd32f30x_dma.o(.text.dma_channel_enable)
    dma_circulation_enable                   0x08001289   Thumb Code    36  gd32f30x_dma.o(.text.dma_circulation_enable)
    dma_deinit                               0x080012ad   Thumb Code    60  gd32f30x_dma.o(.text.dma_deinit)
    dma_flag_clear                           0x080012e9   Thumb Code    14  gd32f30x_dma.o(.text.dma_flag_clear)
    dma_init                                 0x080012f9   Thumb Code   116  gd32f30x_dma.o(.text.dma_init)
    dma_interrupt_enable                     0x0800136d   Thumb Code    34  gd32f30x_dma.o(.text.dma_interrupt_enable)
    dma_interrupt_flag_clear                 0x08001391   Thumb Code    14  gd32f30x_dma.o(.text.dma_interrupt_flag_clear)
    dma_interrupt_flag_get                   0x080013a1   Thumb Code    58  gd32f30x_dma.o(.text.dma_interrupt_flag_get)
    dma_memory_address_config                0x080013dd   Thumb Code    30  gd32f30x_dma.o(.text.dma_memory_address_config)
    dma_struct_para_init                     0x080013fd   Thumb Code    26  gd32f30x_dma.o(.text.dma_struct_para_init)
    dma_transfer_number_config               0x08001419   Thumb Code    32  gd32f30x_dma.o(.text.dma_transfer_number_config)
    dma_transfer_number_get                  0x08001439   Thumb Code    30  gd32f30x_dma.o(.text.dma_transfer_number_get)
    dsp_mirror_read_reg                      0x08001459   Thumb Code    66  dsp_mirror.o(.text.dsp_mirror_read_reg)
    dsp_mirror_write_reg                     0x0800149d   Thumb Code    60  dsp_mirror.o(.text.dsp_mirror_write_reg)
    gpio_bit_reset                           0x080014d9   Thumb Code     4  gd32f30x_gpio.o(.text.gpio_bit_reset)
    gpio_bit_set                             0x080014dd   Thumb Code     4  gd32f30x_gpio.o(.text.gpio_bit_set)
    gpio_init                                0x080014e1   Thumb Code   182  gd32f30x_gpio.o(.text.gpio_init)
    main                                     0x08001599   Thumb Code   248  main.o(.text.main)
    mb_build_req_read                        0x080016a9   Thumb Code    96  modbus_rtu.o(.text.mb_build_req_read)
    mb_build_req_write_multi                 0x08001709   Thumb Code   158  modbus_rtu.o(.text.mb_build_req_write_multi)
    mb_build_req_write_single                0x080017a9   Thumb Code    96  modbus_rtu.o(.text.mb_build_req_write_single)
    mb_build_rsp_exc                         0x08001809   Thumb Code    86  modbus_rtu.o(.text.mb_build_rsp_exc)
    mb_build_rsp_read                        0x08001861   Thumb Code   142  modbus_rtu.o(.text.mb_build_rsp_read)
    mb_build_rsp_write_multi                 0x080018f1   Thumb Code    96  modbus_rtu.o(.text.mb_build_rsp_write_multi)
    mb_build_rsp_write_single                0x08001951   Thumb Code    96  modbus_rtu.o(.text.mb_build_rsp_write_single)
    mb_check_crc                             0x080019b1   Thumb Code    92  modbus_rtu.o(.text.mb_check_crc)
    mb_parse_rsp_read                        0x08001a0d   Thumb Code   160  modbus_rtu.o(.text.mb_parse_rsp_read)
    mb_parse_rsp_write_multi                 0x08001aad   Thumb Code   114  modbus_rtu.o(.text.mb_parse_rsp_write_multi)
    mb_parse_rsp_write_single                0x08001b21   Thumb Code   114  modbus_rtu.o(.text.mb_parse_rsp_write_single)
    nvic_irq_enable                          0x08001b95   Thumb Code   136  gd32f30x_misc.o(.text.nvic_irq_enable)
    pvTaskIncrementMutexHeldCount            0x08002339   Thumb Code    24  tasks.o(.text.pvTaskIncrementMutexHeldCount)
    pxPortInitialiseStack                    0x08002351   Thumb Code    36  port.o(.text.pxPortInitialiseStack)
    rcu_clock_freq_get                       0x08002375   Thumb Code   192  gd32f30x_rcu.o(.text.rcu_clock_freq_get)
    rcu_periph_clock_enable                  0x08002445   Thumb Code    30  gd32f30x_rcu.o(.text.rcu_periph_clock_enable)
    usart_baudrate_set                       0x080025dd   Thumb Code   106  gd32f30x_usart.o(.text.usart_baudrate_set)
    usart_dma_receive_config                 0x08002649   Thumb Code    20  gd32f30x_usart.o(.text.usart_dma_receive_config)
    usart_dma_transmit_config                0x0800265d   Thumb Code    20  gd32f30x_usart.o(.text.usart_dma_transmit_config)
    usart_enable                             0x08002671   Thumb Code    10  gd32f30x_usart.o(.text.usart_enable)
    usart_flag_get                           0x0800267d   Thumb Code    16  gd32f30x_usart.o(.text.usart_flag_get)
    usart_interrupt_enable                   0x0800268d   Thumb Code    22  gd32f30x_usart.o(.text.usart_interrupt_enable)
    usart_interrupt_flag_get                 0x080026a5   Thumb Code    34  gd32f30x_usart.o(.text.usart_interrupt_flag_get)
    usart_parity_config                      0x080026c9   Thumb Code    16  gd32f30x_usart.o(.text.usart_parity_config)
    usart_receive_config                     0x080026d9   Thumb Code    20  gd32f30x_usart.o(.text.usart_receive_config)
    usart_stop_bit_set                       0x080026ed   Thumb Code    16  gd32f30x_usart.o(.text.usart_stop_bit_set)
    usart_transmit_config                    0x080026fd   Thumb Code    20  gd32f30x_usart.o(.text.usart_transmit_config)
    usart_word_length_set                    0x08002711   Thumb Code    16  gd32f30x_usart.o(.text.usart_word_length_set)
    uxListRemove                             0x08002721   Thumb Code    34  list.o(.text.uxListRemove)
    uxTaskGetNumberOfTasks                   0x08002745   Thumb Code    12  tasks.o(.text.uxTaskGetNumberOfTasks)
    vApplicationGetTimerTaskMemory           0x08002751   Thumb Code    26  tasks.o(.text.vApplicationGetTimerTaskMemory)
    vListInitialise                          0x0800276d   Thumb Code    24  list.o(.text.vListInitialise)
    vListInitialiseItem                      0x08002785   Thumb Code     6  list.o(.text.vListInitialiseItem)
    vListInsert                              0x0800278d   Thumb Code    62  list.o(.text.vListInsert)
    vPortEnterCritical                       0x080027cd   Thumb Code    70  port.o(.text.vPortEnterCritical)
    vPortExitCritical                        0x08002815   Thumb Code    46  port.o(.text.vPortExitCritical)
    vPortFree                                0x08002845   Thumb Code   286  heap_4.o(.text.vPortFree)
    vPortValidateInterruptPriority           0x08002965   Thumb Code    54  port.o(.text.vPortValidateInterruptPriority)
    vQueueWaitForMessageRestricted           0x0800299d   Thumb Code    78  queue.o(.text.vQueueWaitForMessageRestricted)
    vTaskDelay                               0x080029ed   Thumb Code   214  tasks.o(.text.vTaskDelay)
    vTaskInternalSetTimeOutState             0x08002ac5   Thumb Code    30  tasks.o(.text.vTaskInternalSetTimeOutState)
    vTaskMissedYield                         0x08002ae5   Thumb Code    14  tasks.o(.text.vTaskMissedYield)
    vTaskPlaceOnEventList                    0x08002af5   Thumb Code    58  tasks.o(.text.vTaskPlaceOnEventList)
    vTaskPlaceOnEventListRestricted          0x08002b31   Thumb Code   110  tasks.o(.text.vTaskPlaceOnEventListRestricted)
    vTaskPriorityDisinheritAfterTimeout      0x08002ba1   Thumb Code   194  tasks.o(.text.vTaskPriorityDisinheritAfterTimeout)
    vTaskStartScheduler                      0x08002c65   Thumb Code   186  tasks.o(.text.vTaskStartScheduler)
    vTaskSuspendAll                          0x08002d21   Thumb Code    16  tasks.o(.text.vTaskSuspendAll)
    vTaskSwitchContext                       0x08002d31   Thumb Code   162  tasks.o(.text.vTaskSwitchContext)
    xPortStartScheduler                      0x08002dd5   Thumb Code   198  port.o(.text.xPortStartScheduler)
    xQueueCreateMutexStatic                  0x08002e9d   Thumb Code   158  queue.o(.text.xQueueCreateMutexStatic)
    xQueueGenericCreateStatic                0x08002f3d   Thumb Code   204  queue.o(.text.xQueueGenericCreateStatic)
    xQueueGenericSend                        0x08003009   Thumb Code   542  queue.o(.text.xQueueGenericSend)
    xQueueGiveFromISR                        0x08003229   Thumb Code   202  queue.o(.text.xQueueGiveFromISR)
    xQueueReceive                            0x080032f5   Thumb Code   432  queue.o(.text.xQueueReceive)
    xQueueSemaphoreTake                      0x080034a5   Thumb Code   458  queue.o(.text.xQueueSemaphoreTake)
    xTaskCheckForTimeOut                     0x08003671   Thumb Code   186  tasks.o(.text.xTaskCheckForTimeOut)
    xTaskCreateStatic                        0x0800372d   Thumb Code   278  tasks.o(.text.xTaskCreateStatic)
    xTaskGetSchedulerState                   0x08003845   Thumb Code    38  tasks.o(.text.xTaskGetSchedulerState)
    xTaskGetTickCount                        0x0800386d   Thumb Code    28  tasks.o(.text.xTaskGetTickCount)
    xTaskIncrementTick                       0x08003889   Thumb Code   480  tasks.o(.text.xTaskIncrementTick)
    xTaskPriorityDisinherit                  0x08003a69   Thumb Code   174  tasks.o(.text.xTaskPriorityDisinherit)
    xTaskPriorityInherit                     0x08003b19   Thumb Code   176  tasks.o(.text.xTaskPriorityInherit)
    xTaskRemoveFromEventList                 0x08003bc9   Thumb Code   230  tasks.o(.text.xTaskRemoveFromEventList)
    xTaskResumeAll                           0x08003cb1   Thumb Code   418  tasks.o(.text.xTaskResumeAll)
    xTimerCreateTimerTask                    0x08003e55   Thumb Code   192  timers.o(.text.xTimerCreateTimerTask)
    _fp_init                                 0x08003f1d   Thumb Code    26  fpinit.o(x$fpl$fpinit)
    __fplib_config_fpu_vfp                   0x08003f35   Thumb Code     0  fpinit.o(x$fpl$fpinit)
    __fplib_config_pureend_doubles           0x08003f35   Thumb Code     0  fpinit.o(x$fpl$fpinit)
    Region$$Table$$Base                      0x0800404c   Number         0  anon$$obj.o(Region$$Table)
    Region$$Table$$Limit                     0x0800406c   Number         0  anon$$obj.o(Region$$Table)
    uart1_dev                                0x20000000   Data          48  bsp_uart.o(.data.uart1_dev)
    uart2_dev                                0x20000030   Data          48  bsp_uart.o(.data.uart2_dev)
    __libspace_start                         0x20000068   Data          96  libspace.o(.bss)
    __temporary_stack_top$libspace           0x200000c8   Data           0  libspace.o(.bss)
    g_dsp_mirror_reg                         0x200000c8   Data        3730  dsp_mirror.o(.bss.g_dsp_mirror_reg)
    g_reg_mutex                              0x20000f5c   Data           4  main.o(.bss.g_reg_mutex)
    g_rs485_1_sem                            0x20000f60   Data           4  main.o(.bss.g_rs485_1_sem)
    g_rs485_2_sem                            0x20000f64   Data           4  main.o(.bss.g_rs485_2_sem)
    g_uart2_mutex                            0x20000f68   Data           4  main.o(.bss.g_uart2_mutex)
    pxCurrentTCB                             0x200010b8   Data           4  tasks.o(.bss.pxCurrentTCB)



==============================================================================

Memory Map of the image

  Image Entry point : 0x08000131

  Load Region LR_IROM1 (Base: 0x08000000, Size: 0x000040d8, Max: 0x00080000, ABSOLUTE)

    Execution Region ER_IROM1 (Exec base: 0x08000000, Load base: 0x08000000, Size: 0x0000406c, Max: 0x00080000, ABSOLUTE)

    Exec Addr    Load Addr    Size         Type   Attr      Idx    E Section Name        Object

    0x08000000   0x08000000   0x00000130   Data   RO          159    RESET               startup_gd32f30x_hd.o
    0x08000130   0x08000130   0x00000008   Code   RO         1933  * !!!main             c_w.l(__main.o)
    0x08000138   0x08000138   0x0000005c   Code   RO         2100    !!!scatter          c_w.l(__scatter.o)
    0x08000194   0x08000194   0x0000001a   Code   RO         2104    !!handler_copy      c_w.l(__scatter_copy.o)
    0x080001ae   0x080001ae   0x00000002   PAD
    0x080001b0   0x080001b0   0x00000002   Code   RO         2101    !!handler_null      c_w.l(__scatter.o)
    0x080001b2   0x080001b2   0x00000002   PAD
    0x080001b4   0x080001b4   0x0000001c   Code   RO         2106    !!handler_zi        c_w.l(__scatter_zi.o)
    0x080001d0   0x080001d0   0x00000002   Code   RO         1962    .ARM.Collect$$libinit$$00000000  c_w.l(libinit.o)
    0x080001d2   0x080001d2   0x00000004   Code   RO         1968    .ARM.Collect$$libinit$$00000001  c_w.l(libinit2.o)
    0x080001d6   0x080001d6   0x00000000   Code   RO         1971    .ARM.Collect$$libinit$$00000004  c_w.l(libinit2.o)
    0x080001d6   0x080001d6   0x00000000   Code   RO         1973    .ARM.Collect$$libinit$$00000006  c_w.l(libinit2.o)
    0x080001d6   0x080001d6   0x00000000   Code   RO         1976    .ARM.Collect$$libinit$$0000000C  c_w.l(libinit2.o)
    0x080001d6   0x080001d6   0x00000000   Code   RO         1978    .ARM.Collect$$libinit$$0000000E  c_w.l(libinit2.o)
    0x080001d6   0x080001d6   0x00000000   Code   RO         1980    .ARM.Collect$$libinit$$00000010  c_w.l(libinit2.o)
    0x080001d6   0x080001d6   0x00000000   Code   RO         1983    .ARM.Collect$$libinit$$00000013  c_w.l(libinit2.o)
    0x080001d6   0x080001d6   0x00000000   Code   RO         1985    .ARM.Collect$$libinit$$00000015  c_w.l(libinit2.o)
    0x080001d6   0x080001d6   0x00000000   Code   RO         1987    .ARM.Collect$$libinit$$00000017  c_w.l(libinit2.o)
    0x080001d6   0x080001d6   0x00000000   Code   RO         1989    .ARM.Collect$$libinit$$00000019  c_w.l(libinit2.o)
    0x080001d6   0x080001d6   0x00000000   Code   RO         1991    .ARM.Collect$$libinit$$0000001B  c_w.l(libinit2.o)
    0x080001d6   0x080001d6   0x00000000   Code   RO         1993    .ARM.Collect$$libinit$$0000001D  c_w.l(libinit2.o)
    0x080001d6   0x080001d6   0x00000000   Code   RO         1995    .ARM.Collect$$libinit$$0000001F  c_w.l(libinit2.o)
    0x080001d6   0x080001d6   0x00000000   Code   RO         1997    .ARM.Collect$$libinit$$00000021  c_w.l(libinit2.o)
    0x080001d6   0x080001d6   0x00000000   Code   RO         1999    .ARM.Collect$$libinit$$00000023  c_w.l(libinit2.o)
    0x080001d6   0x080001d6   0x00000000   Code   RO         2001    .ARM.Collect$$libinit$$00000025  c_w.l(libinit2.o)
    0x080001d6   0x080001d6   0x00000000   Code   RO         2003    .ARM.Collect$$libinit$$00000027  c_w.l(libinit2.o)
    0x080001d6   0x080001d6   0x00000000   Code   RO         2007    .ARM.Collect$$libinit$$0000002E  c_w.l(libinit2.o)
    0x080001d6   0x080001d6   0x00000000   Code   RO         2009    .ARM.Collect$$libinit$$00000030  c_w.l(libinit2.o)
    0x080001d6   0x080001d6   0x00000000   Code   RO         2011    .ARM.Collect$$libinit$$00000032  c_w.l(libinit2.o)
    0x080001d6   0x080001d6   0x00000000   Code   RO         2013    .ARM.Collect$$libinit$$00000034  c_w.l(libinit2.o)
    0x080001d6   0x080001d6   0x00000002   Code   RO         2014    .ARM.Collect$$libinit$$00000035  c_w.l(libinit2.o)
    0x080001d8   0x080001d8   0x00000002   Code   RO         2036    .ARM.Collect$$libshutdown$$00000000  c_w.l(libshutdown.o)
    0x080001da   0x080001da   0x00000000   Code   RO         2051    .ARM.Collect$$libshutdown$$00000002  c_w.l(libshutdown2.o)
    0x080001da   0x080001da   0x00000000   Code   RO         2053    .ARM.Collect$$libshutdown$$00000004  c_w.l(libshutdown2.o)
    0x080001da   0x080001da   0x00000000   Code   RO         2056    .ARM.Collect$$libshutdown$$00000007  c_w.l(libshutdown2.o)
    0x080001da   0x080001da   0x00000000   Code   RO         2059    .ARM.Collect$$libshutdown$$0000000A  c_w.l(libshutdown2.o)
    0x080001da   0x080001da   0x00000000   Code   RO         2061    .ARM.Collect$$libshutdown$$0000000C  c_w.l(libshutdown2.o)
    0x080001da   0x080001da   0x00000000   Code   RO         2064    .ARM.Collect$$libshutdown$$0000000F  c_w.l(libshutdown2.o)
    0x080001da   0x080001da   0x00000002   Code   RO         2065    .ARM.Collect$$libshutdown$$00000010  c_w.l(libshutdown2.o)
    0x080001dc   0x080001dc   0x00000000   Code   RO         1935    .ARM.Collect$$rtentry$$00000000  c_w.l(__rtentry.o)
    0x080001dc   0x080001dc   0x00000000   Code   RO         1939    .ARM.Collect$$rtentry$$00000002  c_w.l(__rtentry2.o)
    0x080001dc   0x080001dc   0x00000006   Code   RO         1951    .ARM.Collect$$rtentry$$00000004  c_w.l(__rtentry4.o)
    0x080001e2   0x080001e2   0x00000000   Code   RO         1941    .ARM.Collect$$rtentry$$00000009  c_w.l(__rtentry2.o)
    0x080001e2   0x080001e2   0x00000004   Code   RO         1942    .ARM.Collect$$rtentry$$0000000A  c_w.l(__rtentry2.o)
    0x080001e6   0x080001e6   0x00000000   Code   RO         1944    .ARM.Collect$$rtentry$$0000000C  c_w.l(__rtentry2.o)
    0x080001e6   0x080001e6   0x00000008   Code   RO         1945    .ARM.Collect$$rtentry$$0000000D  c_w.l(__rtentry2.o)
    0x080001ee   0x080001ee   0x00000002   Code   RO         1966    .ARM.Collect$$rtexit$$00000000  c_w.l(rtexit.o)
    0x080001f0   0x080001f0   0x00000000   Code   RO         2016    .ARM.Collect$$rtexit$$00000002  c_w.l(rtexit2.o)
    0x080001f0   0x080001f0   0x00000004   Code   RO         2017    .ARM.Collect$$rtexit$$00000003  c_w.l(rtexit2.o)
    0x080001f4   0x080001f4   0x00000006   Code   RO         2018    .ARM.Collect$$rtexit$$00000004  c_w.l(rtexit2.o)
    0x080001fa   0x080001fa   0x00000002   PAD
    0x080001fc   0x080001fc   0x00000040   Code   RO          160    .text               startup_gd32f30x_hd.o
    0x0800023c   0x0800023c   0x0000008a   Code   RO         1923    .text               c_w.l(rt_memcpy_v6.o)
    0x080002c6   0x080002c6   0x00000044   Code   RO         1927    .text               c_w.l(rt_memclr.o)
    0x0800030a   0x0800030a   0x0000004e   Code   RO         1929    .text               c_w.l(rt_memclr_w.o)
    0x08000358   0x08000358   0x00000006   Code   RO         1931    .text               c_w.l(heapauxi.o)
    0x0800035e   0x0800035e   0x00000064   Code   RO         1936    .text               c_w.l(rt_memcpy_w.o)
    0x080003c2   0x080003c2   0x0000004a   Code   RO         1953    .text               c_w.l(sys_stackheap_outer.o)
    0x0800040c   0x0800040c   0x00000012   Code   RO         1955    .text               c_w.l(exit.o)
    0x0800041e   0x0800041e   0x00000002   PAD
    0x08000420   0x08000420   0x00000008   Code   RO         1963    .text               c_w.l(libspace.o)
    0x08000428   0x08000428   0x0000000c   Code   RO         2026    .text               c_w.l(sys_exit.o)
    0x08000434   0x08000434   0x00000002   Code   RO         2041    .text               c_w.l(use_no_semi.o)
    0x08000436   0x08000436   0x00000000   Code   RO         2043    .text               c_w.l(indicate_semi.o)
    0x08000436   0x08000436   0x00000002   PAD
    0x08000438   0x08000438   0x00000096   Code   RO           75    .text.DMA0_Channel3_IRQHandler  bsp_uart.o
    0x080004ce   0x080004ce   0x00000002   PAD
    0x080004d0   0x080004d0   0x00000096   Code   RO           77    .text.DMA0_Channel6_IRQHandler  bsp_uart.o
    0x08000566   0x08000566   0x00000002   PAD
    0x08000568   0x08000568   0x000001ec   Code   RO           23    .text.DSP_MasterTask  dsp_mastertask.o
    0x08000754   0x08000754   0x0000031c   Code   RO           38    .text.MB_SlaveTask  mb_slavetask.o
    0x08000a70   0x08000a70   0x00000060   Code   RO         1899    .text.PendSV_Handler  port.o
    0x08000ad0   0x08000ad0   0x00000020   Code   RO         1895    .text.SVC_Handler   port.o
    0x08000af0   0x08000af0   0x0000002e   Code   RO         1909    .text.SysTick_Handler  port.o
    0x08000b1e   0x08000b1e   0x00000002   PAD
    0x08000b20   0x08000b20   0x0000026c   Code   RO          143    .text.SystemInit    system_gd32f30x.o
    0x08000d8c   0x08000d8c   0x00000074   Code   RO           71    .text.USART1_IRQHandler  bsp_uart.o
    0x08000e00   0x08000e00   0x00000074   Code   RO           73    .text.USART2_IRQHandler  bsp_uart.o
    0x08000e74   0x08000e74   0x0000000e   Code   RO           57    .text.bsp_init      bsp_init.o
    0x08000e82   0x08000e82   0x00000002   PAD
    0x08000e84   0x08000e84   0x000001ae   Code   RO           65    .text.bsp_uart1_init  bsp_uart.o
    0x08001032   0x08001032   0x00000002   PAD
    0x08001034   0x08001034   0x000001a6   Code   RO           67    .text.bsp_uart2_init  bsp_uart.o
    0x080011da   0x080011da   0x00000002   PAD
    0x080011dc   0x080011dc   0x00000062   Code   RO           69    .text.bsp_uart_send  bsp_uart.o
    0x0800123e   0x0800123e   0x00000002   PAD
    0x08001240   0x08001240   0x00000024   Code   RO          459    .text.dma_channel_disable  gd32f30x_dma.o
    0x08001264   0x08001264   0x00000024   Code   RO          457    .text.dma_channel_enable  gd32f30x_dma.o
    0x08001288   0x08001288   0x00000024   Code   RO          449    .text.dma_circulation_enable  gd32f30x_dma.o
    0x080012ac   0x080012ac   0x0000003c   Code   RO          443    .text.dma_deinit    gd32f30x_dma.o
    0x080012e8   0x080012e8   0x0000000e   Code   RO          487    .text.dma_flag_clear  gd32f30x_dma.o
    0x080012f6   0x080012f6   0x00000002   PAD
    0x080012f8   0x080012f8   0x00000074   Code   RO          447    .text.dma_init      gd32f30x_dma.o
    0x0800136c   0x0800136c   0x00000022   Code   RO          493    .text.dma_interrupt_enable  gd32f30x_dma.o
    0x0800138e   0x0800138e   0x00000002   PAD
    0x08001390   0x08001390   0x0000000e   Code   RO          491    .text.dma_interrupt_flag_clear  gd32f30x_dma.o
    0x0800139e   0x0800139e   0x00000002   PAD
    0x080013a0   0x080013a0   0x0000003a   Code   RO          489    .text.dma_interrupt_flag_get  gd32f30x_dma.o
    0x080013da   0x080013da   0x00000002   PAD
    0x080013dc   0x080013dc   0x0000001e   Code   RO          463    .text.dma_memory_address_config  gd32f30x_dma.o
    0x080013fa   0x080013fa   0x00000002   PAD
    0x080013fc   0x080013fc   0x0000001a   Code   RO          445    .text.dma_struct_para_init  gd32f30x_dma.o
    0x08001416   0x08001416   0x00000002   PAD
    0x08001418   0x08001418   0x00000020   Code   RO          465    .text.dma_transfer_number_config  gd32f30x_dma.o
    0x08001438   0x08001438   0x0000001e   Code   RO          467    .text.dma_transfer_number_get  gd32f30x_dma.o
    0x08001456   0x08001456   0x00000002   PAD
    0x08001458   0x08001458   0x00000042   Code   RO           95    .text.dsp_mirror_read_reg  dsp_mirror.o
    0x0800149a   0x0800149a   0x00000002   PAD
    0x0800149c   0x0800149c   0x0000003c   Code   RO           97    .text.dsp_mirror_write_reg  dsp_mirror.o
    0x080014d8   0x080014d8   0x00000004   Code   RO          704    .text.gpio_bit_reset  gd32f30x_gpio.o
    0x080014dc   0x080014dc   0x00000004   Code   RO          702    .text.gpio_bit_set  gd32f30x_gpio.o
    0x080014e0   0x080014e0   0x000000b6   Code   RO          700    .text.gpio_init     gd32f30x_gpio.o
    0x08001596   0x08001596   0x00000002   PAD
    0x08001598   0x08001598   0x00000110   Code   RO            2    .text.main          main.o
    0x080016a8   0x080016a8   0x00000060   Code   RO          121    .text.mb_build_req_read  modbus_rtu.o
    0x08001708   0x08001708   0x0000009e   Code   RO          125    .text.mb_build_req_write_multi  modbus_rtu.o
    0x080017a6   0x080017a6   0x00000002   PAD
    0x080017a8   0x080017a8   0x00000060   Code   RO          123    .text.mb_build_req_write_single  modbus_rtu.o
    0x08001808   0x08001808   0x00000056   Code   RO          119    .text.mb_build_rsp_exc  modbus_rtu.o
    0x0800185e   0x0800185e   0x00000002   PAD
    0x08001860   0x08001860   0x0000008e   Code   RO          113    .text.mb_build_rsp_read  modbus_rtu.o
    0x080018ee   0x080018ee   0x00000002   PAD
    0x080018f0   0x080018f0   0x00000060   Code   RO          117    .text.mb_build_rsp_write_multi  modbus_rtu.o
    0x08001950   0x08001950   0x00000060   Code   RO          115    .text.mb_build_rsp_write_single  modbus_rtu.o
    0x080019b0   0x080019b0   0x0000005c   Code   RO          111    .text.mb_check_crc  modbus_rtu.o
    0x08001a0c   0x08001a0c   0x000000a0   Code   RO          129    .text.mb_parse_rsp_read  modbus_rtu.o
    0x08001aac   0x08001aac   0x00000072   Code   RO          133    .text.mb_parse_rsp_write_multi  modbus_rtu.o
    0x08001b1e   0x08001b1e   0x00000002   PAD
    0x08001b20   0x08001b20   0x00000072   Code   RO          131    .text.mb_parse_rsp_write_single  modbus_rtu.o
    0x08001b92   0x08001b92   0x00000002   PAD
    0x08001b94   0x08001b94   0x00000088   Code   RO          814    .text.nvic_irq_enable  gd32f30x_misc.o
    0x08001c1c   0x08001c1c   0x000000ce   Code   RO         1666    .text.prvAddCurrentTaskToDelayedList  tasks.o
    0x08001cea   0x08001cea   0x00000002   PAD
    0x08001cec   0x08001cec   0x00000130   Code   RO         1656    .text.prvAddNewTaskToReadyList  tasks.o
    0x08001e1c   0x08001e1c   0x0000007a   Code   RO         1694    .text.prvCheckTasksWaitingTermination  tasks.o
    0x08001e96   0x08001e96   0x00000002   PAD
    0x08001e98   0x08001e98   0x0000002a   Code   RO         1764    .text.prvIdleTask   tasks.o
    0x08001ec2   0x08001ec2   0x00000002   PAD
    0x08001ec4   0x08001ec4   0x000000a4   Code   RO         1839    .text.prvProcessExpiredTimer  timers.o
    0x08001f68   0x08001f68   0x00000032   Code   RO         1893    .text.prvTaskExitError  port.o
    0x08001f9a   0x08001f9a   0x00000002   PAD
    0x08001f9c   0x08001f9c   0x00000326   Code   RO         1803    .text.prvTimerTask  timers.o
    0x080022c2   0x080022c2   0x00000002   PAD
    0x080022c4   0x080022c4   0x00000074   Code   RO         1564    .text.prvUnlockQueue  queue.o
    0x08002338   0x08002338   0x00000018   Code   RO         1742    .text.pvTaskIncrementMutexHeldCount  tasks.o
    0x08002350   0x08002350   0x00000024   Code   RO         1891    .text.pxPortInitialiseStack  port.o
    0x08002374   0x08002374   0x000000d0   Code   RO          966    .text.rcu_clock_freq_get  gd32f30x_rcu.o
    0x08002444   0x08002444   0x0000001e   Code   RO          904    .text.rcu_periph_clock_enable  gd32f30x_rcu.o
    0x08002462   0x08002462   0x00000002   PAD
    0x08002464   0x08002464   0x00000178   Code   RO           40    .text.send_to_dsp_and_wait  mb_slavetask.o
    0x080025dc   0x080025dc   0x0000006a   Code   RO         1363    .text.usart_baudrate_set  gd32f30x_usart.o
    0x08002646   0x08002646   0x00000002   PAD
    0x08002648   0x08002648   0x00000014   Code   RO         1445    .text.usart_dma_receive_config  gd32f30x_usart.o
    0x0800265c   0x0800265c   0x00000014   Code   RO         1447    .text.usart_dma_transmit_config  gd32f30x_usart.o
    0x08002670   0x08002670   0x0000000a   Code   RO         1371    .text.usart_enable  gd32f30x_usart.o
    0x0800267a   0x0800267a   0x00000002   PAD
    0x0800267c   0x0800267c   0x00000010   Code   RO         1449    .text.usart_flag_get  gd32f30x_usart.o
    0x0800268c   0x0800268c   0x00000016   Code   RO         1453    .text.usart_interrupt_enable  gd32f30x_usart.o
    0x080026a2   0x080026a2   0x00000002   PAD
    0x080026a4   0x080026a4   0x00000022   Code   RO         1457    .text.usart_interrupt_flag_get  gd32f30x_usart.o
    0x080026c6   0x080026c6   0x00000002   PAD
    0x080026c8   0x080026c8   0x00000010   Code   RO         1365    .text.usart_parity_config  gd32f30x_usart.o
    0x080026d8   0x080026d8   0x00000014   Code   RO         1377    .text.usart_receive_config  gd32f30x_usart.o
    0x080026ec   0x080026ec   0x00000010   Code   RO         1369    .text.usart_stop_bit_set  gd32f30x_usart.o
    0x080026fc   0x080026fc   0x00000014   Code   RO         1375    .text.usart_transmit_config  gd32f30x_usart.o
    0x08002710   0x08002710   0x00000010   Code   RO         1367    .text.usart_word_length_set  gd32f30x_usart.o
    0x08002720   0x08002720   0x00000022   Code   RO         1530    .text.uxListRemove  list.o
    0x08002742   0x08002742   0x00000002   PAD
    0x08002744   0x08002744   0x0000000c   Code   RO         1702    .text.uxTaskGetNumberOfTasks  tasks.o
    0x08002750   0x08002750   0x0000001a   Code   RO         1760    .text.vApplicationGetTimerTaskMemory  tasks.o
    0x0800276a   0x0800276a   0x00000002   PAD
    0x0800276c   0x0800276c   0x00000018   Code   RO         1522    .text.vListInitialise  list.o
    0x08002784   0x08002784   0x00000006   Code   RO         1524    .text.vListInitialiseItem  list.o
    0x0800278a   0x0800278a   0x00000002   PAD
    0x0800278c   0x0800278c   0x0000003e   Code   RO         1528    .text.vListInsert   list.o
    0x080027ca   0x080027ca   0x00000002   PAD
    0x080027cc   0x080027cc   0x00000046   Code   RO         1905    .text.vPortEnterCritical  port.o
    0x08002812   0x08002812   0x00000002   PAD
    0x08002814   0x08002814   0x0000002e   Code   RO         1907    .text.vPortExitCritical  port.o
    0x08002842   0x08002842   0x00000002   PAD
    0x08002844   0x08002844   0x0000011e   Code   RO         1860    .text.vPortFree     heap_4.o
    0x08002962   0x08002962   0x00000002   PAD
    0x08002964   0x08002964   0x00000036   Code   RO         1911    .text.vPortValidateInterruptPriority  port.o
    0x0800299a   0x0800299a   0x00000002   PAD
    0x0800299c   0x0800299c   0x0000004e   Code   RO         1594    .text.vQueueWaitForMessageRestricted  queue.o
    0x080029ea   0x080029ea   0x00000002   PAD
    0x080029ec   0x080029ec   0x000000d6   Code   RO         1670    .text.vTaskDelay    tasks.o
    0x08002ac2   0x08002ac2   0x00000002   PAD
    0x08002ac4   0x08002ac4   0x0000001e   Code   RO         1722    .text.vTaskInternalSetTimeOutState  tasks.o
    0x08002ae2   0x08002ae2   0x00000002   PAD
    0x08002ae4   0x08002ae4   0x0000000e   Code   RO         1726    .text.vTaskMissedYield  tasks.o
    0x08002af2   0x08002af2   0x00000002   PAD
    0x08002af4   0x08002af4   0x0000003a   Code   RO         1710    .text.vTaskPlaceOnEventList  tasks.o
    0x08002b2e   0x08002b2e   0x00000002   PAD
    0x08002b30   0x08002b30   0x0000006e   Code   RO         1714    .text.vTaskPlaceOnEventListRestricted  tasks.o
    0x08002b9e   0x08002b9e   0x00000002   PAD
    0x08002ba0   0x08002ba0   0x000000c2   Code   RO         1738    .text.vTaskPriorityDisinheritAfterTimeout  tasks.o
    0x08002c62   0x08002c62   0x00000002   PAD
    0x08002c64   0x08002c64   0x000000ba   Code   RO         1690    .text.vTaskStartScheduler  tasks.o
    0x08002d1e   0x08002d1e   0x00000002   PAD
    0x08002d20   0x08002d20   0x00000010   Code   RO         1664    .text.vTaskSuspendAll  tasks.o
    0x08002d30   0x08002d30   0x000000a2   Code   RO         1684    .text.vTaskSwitchContext  tasks.o
    0x08002dd2   0x08002dd2   0x00000002   PAD
    0x08002dd4   0x08002dd4   0x000000c6   Code   RO         1897    .text.xPortStartScheduler  port.o
    0x08002e9a   0x08002e9a   0x00000002   PAD
    0x08002e9c   0x08002e9c   0x0000009e   Code   RO         1550    .text.xQueueCreateMutexStatic  queue.o
    0x08002f3a   0x08002f3a   0x00000002   PAD
    0x08002f3c   0x08002f3c   0x000000cc   Code   RO         1542    .text.xQueueGenericCreateStatic  queue.o
    0x08003008   0x08003008   0x0000021e   Code   RO         1554    .text.xQueueGenericSend  queue.o
    0x08003226   0x08003226   0x00000002   PAD
    0x08003228   0x08003228   0x000000ca   Code   RO         1568    .text.xQueueGiveFromISR  queue.o
    0x080032f2   0x080032f2   0x00000002   PAD
    0x080032f4   0x080032f4   0x000001b0   Code   RO         1570    .text.xQueueReceive  queue.o
    0x080034a4   0x080034a4   0x000001ca   Code   RO         1558    .text.xQueueSemaphoreTake  queue.o
    0x0800366e   0x0800366e   0x00000002   PAD
    0x08003670   0x08003670   0x000000ba   Code   RO         1724    .text.xTaskCheckForTimeOut  tasks.o
    0x0800372a   0x0800372a   0x00000002   PAD
    0x0800372c   0x0800372c   0x00000116   Code   RO         1654    .text.xTaskCreateStatic  tasks.o
    0x08003842   0x08003842   0x00000002   PAD
    0x08003844   0x08003844   0x00000026   Code   RO         1732    .text.xTaskGetSchedulerState  tasks.o
    0x0800386a   0x0800386a   0x00000002   PAD
    0x0800386c   0x0800386c   0x0000001c   Code   RO         1698    .text.xTaskGetTickCount  tasks.o
    0x08003888   0x08003888   0x000001e0   Code   RO         1696    .text.xTaskIncrementTick  tasks.o
    0x08003a68   0x08003a68   0x000000ae   Code   RO         1736    .text.xTaskPriorityDisinherit  tasks.o
    0x08003b16   0x08003b16   0x00000002   PAD
    0x08003b18   0x08003b18   0x000000b0   Code   RO         1734    .text.xTaskPriorityInherit  tasks.o
    0x08003bc8   0x08003bc8   0x000000e6   Code   RO         1716    .text.xTaskRemoveFromEventList  tasks.o
    0x08003cae   0x08003cae   0x00000002   PAD
    0x08003cb0   0x08003cb0   0x000001a2   Code   RO         1668    .text.xTaskResumeAll  tasks.o
    0x08003e52   0x08003e52   0x00000002   PAD
    0x08003e54   0x08003e54   0x000000c8   Code   RO         1801    .text.xTimerCreateTimerTask  timers.o
    0x08003f1c   0x08003f1c   0x0000001a   Code   RO         2024    x$fpl$fpinit        fz_wm.l(fpinit.o)
    0x08003f36   0x08003f36   0x00000008   Data   RO          978    .rodata.cst8        gd32f30x_rcu.o
    0x08003f3e   0x08003f3e   0x00000002   PAD
    0x08003f40   0x08003f40   0x000000c0   Data   RO           99    .rodata.g_dsp_mirror_reg_map  dsp_mirror.o
    0x08004000   0x08004000   0x00000048   Data   RO           25    .rodata.s_poll      dsp_mastertask.o
    0x08004048   0x08004048   0x00000004   Data   RO         1781    .rodata.uxTopUsedPriority  tasks.o
    0x0800404c   0x0800404c   0x00000020   Data   RO         2099    Region$$Table       anon$$obj.o


    Execution Region RW_IRAM1 (Exec base: 0x20000000, Load base: 0x08004070, Size: 0x00005a88, Max: 0x00010000, ABSOLUTE)

    Exec Addr    Load Addr    Size         Type   Attr      Idx    E Section Name        Object

    0x20000000   0x08004070   0x00000030   Data   RW           81    .data.uart1_dev     bsp_uart.o
    0x20000030   0x080040a0   0x00000030   Data   RW           84    .data.uart2_dev     bsp_uart.o
    0x20000060   0x080040d0   0x00000004   Data   RW         1913    .data.uxCriticalNesting  port.o
    0x20000064   0x080040d4   0x00000004   PAD
    0x20000068        -       0x00000060   Zero   RW         1964    .bss                c_w.l(libspace.o)
    0x200000c8        -       0x00000e92   Zero   RW          100    .bss.g_dsp_mirror_reg  dsp_mirror.o
    0x20000f5a   0x080040d4   0x00000002   PAD
    0x20000f5c        -       0x00000004   Zero   RW           11    .bss.g_reg_mutex    main.o
    0x20000f60        -       0x00000004   Zero   RW            5    .bss.g_rs485_1_sem  main.o
    0x20000f64        -       0x00000004   Zero   RW            7    .bss.g_rs485_2_sem  main.o
    0x20000f68        -       0x00000004   Zero   RW            9    .bss.g_uart2_mutex  main.o
    0x20000f6c        -       0x000000f0   Zero   RW         1849    .bss.prvCheckForValidListAndQueue.ucStaticTimerQueueStorage  timers.o
    0x2000105c   0x080040d4   0x00000004   PAD
    0x20001060        -       0x00000050   Zero   RW         1848    .bss.prvCheckForValidListAndQueue.xStaticTimerQueue  timers.o
    0x200010b0        -       0x00000008   Zero   RW         1845    .bss.prvSampleTimeNow.xLastTime  timers.o
    0x200010b8        -       0x00000004   Zero   RW         1766    .bss.pxCurrentTCB   tasks.o
    0x200010bc        -       0x00000004   Zero   RW         1843    .bss.pxCurrentTimerList  timers.o
    0x200010c0        -       0x00000004   Zero   RW         1783    .bss.pxDelayedTaskList  tasks.o
    0x200010c4        -       0x00000004   Zero   RW         1876    .bss.pxEnd          heap_4.o
    0x200010c8        -       0x00000004   Zero   RW         1784    .bss.pxOverflowDelayedTaskList  tasks.o
    0x200010cc        -       0x00000004   Zero   RW         1844    .bss.pxOverflowTimerList  timers.o
    0x200010d0        -       0x00000078   Zero   RW         1774    .bss.pxReadyTasksLists  tasks.o
    0x20001148        -       0x00000100   Zero   RW           79    .bss.rx_buf1        bsp_uart.o
    0x20001248        -       0x00000100   Zero   RW           82    .bss.rx_buf2        bsp_uart.o
    0x20001348        -       0x00000004   Zero   RW           42    .bss.s_dsp_reply_data.0  mb_slavetask.o
    0x2000134c        -       0x00000004   Zero   RW           43    .bss.s_dsp_reply_sem  mb_slavetask.o
    0x20001350        -       0x00000050   Zero   RW           44    .bss.s_dsp_reply_sem_buf  mb_slavetask.o
    0x200013a0        -       0x00000100   Zero   RW           48    .bss.s_dsp_rx_buf   mb_slavetask.o
    0x200014a0        -       0x00000400   Zero   RW           14    .bss.s_dsp_task_stack  main.o
    0x200018a0        -       0x00000060   Zero   RW           15    .bss.s_dsp_task_tcb  main.o
    0x20001900        -       0x00000100   Zero   RW           47    .bss.s_dsp_tx_buf   mb_slavetask.o
    0x20001a00        -       0x00000280   Zero   RW           12    .bss.s_mb_slave_task_stack  main.o
    0x20001c80        -       0x00000060   Zero   RW           13    .bss.s_mb_slave_task_tcb  main.o
    0x20001ce0        -       0x00000050   Zero   RW           10    .bss.s_reg_mutex_buf  main.o
    0x20001d30        -       0x00000050   Zero   RW            4    .bss.s_rs485_1_sem_buf  main.o
    0x20001d80        -       0x00000050   Zero   RW            6    .bss.s_rs485_2_sem_buf  main.o
    0x20001dd0        -       0x00000100   Zero   RW           27    .bss.s_rx_buf       dsp_mastertask.o
    0x20001ed0        -       0x00000100   Zero   RW           45    .bss.s_rx_buf       mb_slavetask.o
    0x20001fd0        -       0x00000100   Zero   RW           26    .bss.s_tx_buf       dsp_mastertask.o
    0x200020d0        -       0x00000100   Zero   RW           46    .bss.s_tx_buf       mb_slavetask.o
    0x200021d0        -       0x00000050   Zero   RW           85    .bss.s_uart1_tx_sem_buf  bsp_uart.o
    0x20002220        -       0x00000050   Zero   RW            8    .bss.s_uart2_mutex_buf  main.o
    0x20002270        -       0x00000050   Zero   RW           86    .bss.s_uart2_tx_sem_buf  bsp_uart.o
    0x200022c0        -       0x00000100   Zero   RW           80    .bss.tx_buf1        bsp_uart.o
    0x200023c0        -       0x00000100   Zero   RW           83    .bss.tx_buf2        bsp_uart.o
    0x200024c0        -       0x00002800   Zero   RW         1879    .bss.ucHeap         heap_4.o
    0x20004cc0        -       0x00000004   Zero   RW         1771    .bss.uxCurrentNumberOfTasks  tasks.o
    0x20004cc4        -       0x00000004   Zero   RW         1770    .bss.uxDeletedTasksWaitingCleanUp  tasks.o
    0x20004cc8        -       0x00000004   Zero   RW         1772    .bss.uxSchedulerSuspended  tasks.o
    0x20004ccc        -       0x00000004   Zero   RW         1767    .bss.uxTaskNumber   tasks.o
    0x20004cd0        -       0x00000004   Zero   RW         1775    .bss.uxTopReadyPriority  tasks.o
    0x20004cd4        -       0x00000200   Zero   RW         1787    .bss.vApplicationGetIdleTaskMemory.uxIdleTaskStack  tasks.o
    0x20004ed4   0x080040d4   0x00000004   PAD
    0x20004ed8        -       0x00000060   Zero   RW         1786    .bss.vApplicationGetIdleTaskMemory.xIdleTaskTCB  tasks.o
    0x20004f38        -       0x00000200   Zero   RW         1789    .bss.vApplicationGetTimerTaskMemory.uxTimerTaskStack  tasks.o
    0x20005138        -       0x00000060   Zero   RW         1788    .bss.vApplicationGetTimerTaskMemory.xTimerTaskTCB  tasks.o
    0x20005198        -       0x00000018   Zero   RW         1846    .bss.xActiveTimerList1  timers.o
    0x200051b0        -       0x00000018   Zero   RW         1847    .bss.xActiveTimerList2  timers.o
    0x200051c8        -       0x00000018   Zero   RW         1790    .bss.xDelayedTaskList1  tasks.o
    0x200051e0        -       0x00000018   Zero   RW         1791    .bss.xDelayedTaskList2  tasks.o
    0x200051f8        -       0x00000004   Zero   RW         1877    .bss.xFreeBytesRemaining  heap_4.o
    0x200051fc        -       0x00000004   Zero   RW         1780    .bss.xIdleTaskHandles.0  tasks.o
    0x20005200        -       0x00000008   Zero   RW         1779    .bss.xNextTaskUnblockTime  tasks.o
    0x20005208        -       0x00000004   Zero   RW         1785    .bss.xNumOfOverflows  tasks.o
    0x2000520c        -       0x00000004   Zero   RW         1882    .bss.xNumberOfSuccessfulFrees  heap_4.o
    0x20005210        -       0x00000008   Zero   RW         1782    .bss.xPendedTicks   tasks.o
    0x20005218        -       0x00000018   Zero   RW         1778    .bss.xPendingReadyList  tasks.o
    0x20005230        -       0x00000004   Zero   RW         1768    .bss.xSchedulerRunning  tasks.o
    0x20005234        -       0x00000008   Zero   RW         1878    .bss.xStart         heap_4.o
    0x2000523c   0x080040d4   0x00000004   PAD
    0x20005240        -       0x00000018   Zero   RW         1776    .bss.xSuspendedTaskList  tasks.o
    0x20005258        -       0x00000018   Zero   RW         1769    .bss.xTasksWaitingTermination  tasks.o
    0x20005270        -       0x00000008   Zero   RW         1773    .bss.xTickCount     tasks.o
    0x20005278        -       0x00000004   Zero   RW         1841    .bss.xTimerQueue    timers.o
    0x2000527c        -       0x00000004   Zero   RW         1842    .bss.xTimerTaskHandle  timers.o
    0x20005280        -       0x00000004   Zero   RW         1777    .bss.xYieldPendings  tasks.o
    0x20005284   0x080040d4   0x00000004   PAD
    0x20005288        -       0x00000400   Zero   RW          158    HEAP                startup_gd32f30x_hd.o
    0x20005688        -       0x00000400   Zero   RW          157    STACK               startup_gd32f30x_hd.o


==============================================================================

Image component sizes


      Code (inc. data)   RO Data    RW Data    ZI Data      Debug   Object Name

        14          0          0          0          0        405   bsp_init.o
      1482          0          0         96       1184       7827   bsp_uart.o
       492          0         72          0        512       2629   dsp_mastertask.o
       126          0        192          0       3730       2440   dsp_mirror.o
       522          0          0          0          0       7936   gd32f30x_dma.o
       190          0          0          0          0       5859   gd32f30x_gpio.o
       136          0          0          0          0       7590   gd32f30x_misc.o
       238         20          8          0          0      14752   gd32f30x_rcu.o
       316          0          0          0          0      11587   gd32f30x_usart.o
       286          0          0          0      10260       5813   heap_4.o
       126          0          0          0          0       2134   list.o
       272         24          0          0       2192       2766   main.o
      1172          0          0          0       1112       5158   mb_slavetask.o
      1250          0          0          0          0       8632   modbus_rtu.o
       628          8          0          4          0       3810   port.o
      2190          0          0          0          0      23794   queue.o
        64         26        304          0       2048        960   startup_gd32f30x_hd.o
       620          0          0          0          0       2934   system_gd32f30x.o
      3728          0          4          0       1528      37098   tasks.o
      1170         18          0          0        392      15086   timers.o

    ----------------------------------------------------------------------
     15140         96        614        100      22980     169210   Object Totals
         0          0         32          0          0          0   (incl. Generated)
       118          0          2          0         22          0   (incl. Padding)

    ----------------------------------------------------------------------

      Code (inc. data)   RO Data    RW Data    ZI Data      Debug   Library Member Name

         8          0          0          0          0         68   __main.o
         0          0          0          0          0          0   __rtentry.o
        12          0          0          0          0          0   __rtentry2.o
         6          0          0          0          0          0   __rtentry4.o
        94          8          0          0          0          0   __scatter.o
        26          0          0          0          0          0   __scatter_copy.o
        28          0          0          0          0          0   __scatter_zi.o
        18          0          0          0          0         80   exit.o
         6          0          0          0          0        152   heapauxi.o
         0          0          0          0          0          0   indicate_semi.o
         2          0          0          0          0          0   libinit.o
         6          0          0          0          0          0   libinit2.o
         2          0          0          0          0          0   libshutdown.o
         2          0          0          0          0          0   libshutdown2.o
         8          4          0          0         96         68   libspace.o
        68          0          0          0          0         68   rt_memclr.o
        78          0          0          0          0         80   rt_memclr_w.o
       138          0          0          0          0         68   rt_memcpy_v6.o
       100          0          0          0          0         80   rt_memcpy_w.o
         2          0          0          0          0          0   rtexit.o
        10          0          0          0          0          0   rtexit2.o
        12          4          0          0          0         68   sys_exit.o
        74          0          0          0          0         80   sys_stackheap_outer.o
         2          0          0          0          0         68   use_no_semi.o
        26          0          0          0          0        116   fpinit.o

    ----------------------------------------------------------------------
       738         16          0          0         96        996   Library Totals
        10          0          0          0          0          0   (incl. Padding)

    ----------------------------------------------------------------------

      Code (inc. data)   RO Data    RW Data    ZI Data      Debug   Library Name

       702         16          0          0         96        880   c_w.l
        26          0          0          0          0        116   fz_wm.l

    ----------------------------------------------------------------------
       738         16          0          0         96        996   Library Totals

    ----------------------------------------------------------------------

==============================================================================


      Code (inc. data)   RO Data    RW Data    ZI Data      Debug   

     15878        112        614        100      23076     169550   Grand Totals
     15878        112        614        100      23076     169550   ELF Image Totals
     15878        112        614        100          0          0   ROM Totals

==============================================================================

    Total RO  Size (Code + RO Data)                16492 (  16.11kB)
    Total RW  Size (RW Data + ZI Data)             23176 (  22.63kB)
    Total ROM Size (Code + RO Data + RW Data)      16592 (  16.20kB)

==============================================================================

